Component: ARM Compiler 5.06 update 6 (build 750) Tool: armlink [4d35ed]

==============================================================================

Section Cross References

    main.o(i.TestMiniLZO) refers to printf8.o(i.__0printf$8) for __2printf
    main.o(i.TestMiniLZO) refers to minilzo.o(i.lzo_memset) for lzo_memset
    main.o(i.TestMiniLZO) refers to rand.o(.text) for rand
    main.o(i.TestMiniLZO) refers to minilzo.o(i.lzo1x_1_compress) for lzo1x_1_compress
    main.o(i.TestMiniLZO) refers to minilzo.o(i.lzo1x_decompress) for lzo1x_decompress
    main.o(i.TestMiniLZO) refers to main.o(.bss) for .bss
    main.o(i.TestMiniLZO) refers to main.o(.RAM_D1) for .RAM_D1
    main.o(i.main) refers to bsp.o(i.bsp_Init) for bsp_Init
    main.o(i.main) refers to printf8.o(i.__0printf$8) for __2printf
    main.o(i.main) refers to bsp_timer.o(i.bsp_StartAutoTimer) for bsp_StartAutoTimer
    main.o(i.main) refers to minilzo.o(i.__lzo_init_v2) for __lzo_init_v2
    main.o(i.main) refers to main.o(i.TestMiniLZO) for TestMiniLZO
    main.o(i.main) refers to bsp.o(i.bsp_Idle) for bsp_Idle
    main.o(i.main) refers to bsp_timer.o(i.bsp_CheckTimer) for bsp_CheckTimer
    main.o(i.main) refers to bsp_led.o(i.bsp_LedToggle) for bsp_LedToggle
    main.o(i.main) refers to bsp_key.o(i.bsp_GetKey) for bsp_GetKey
    main.o(i.main) refers to main.o(.RAM_D1) for .RAM_D1
    main.o(i.main) refers to main.o(.RAM_D2) for .RAM_D2
    main.o(i.main) refers to main.o(.RAM_D3) for .RAM_D3
    main.o(i.main) refers to system_stm32h7xx.o(.data) for SystemCoreClock
    main.o(i.main) refers to main.o(.conststring) for .conststring
    bsp.o(i.bsp_Init) refers to stm32h7xx_hal_cortex.o(i.HAL_MPU_Disable) for HAL_MPU_Disable
    bsp.o(i.bsp_Init) refers to stm32h7xx_hal_cortex.o(i.HAL_MPU_ConfigRegion) for HAL_MPU_ConfigRegion
    bsp.o(i.bsp_Init) refers to stm32h7xx_hal_cortex.o(i.HAL_MPU_Enable) for HAL_MPU_Enable
    bsp.o(i.bsp_Init) refers to stm32h7xx_hal.o(i.HAL_Init) for HAL_Init
    bsp.o(i.bsp_Init) refers to stm32h7xx_hal_rcc.o(i.HAL_RCC_OscConfig) for HAL_RCC_OscConfig
    bsp.o(i.bsp_Init) refers to stm32h7xx_hal_rcc.o(i.HAL_RCC_ClockConfig) for HAL_RCC_ClockConfig
    bsp.o(i.bsp_Init) refers to stm32h7xx_hal.o(i.HAL_EnableCompensationCell) for HAL_EnableCompensationCell
    bsp.o(i.bsp_Init) refers to bsp_dwt.o(i.bsp_InitDWT) for bsp_InitDWT
    bsp.o(i.bsp_Init) refers to bsp_key.o(i.bsp_InitKey) for bsp_InitKey
    bsp.o(i.bsp_Init) refers to bsp_timer.o(i.bsp_InitTimer) for bsp_InitTimer
    bsp.o(i.bsp_Init) refers to bsp_uart_fifo.o(i.bsp_InitUart) for bsp_InitUart
    bsp.o(i.bsp_Init) refers to bsp_fmc_io.o(i.bsp_InitExtIO) for bsp_InitExtIO
    bsp.o(i.bsp_Init) refers to bsp_led.o(i.bsp_InitLed) for bsp_InitLed
    bsp.o(i.bsp_RunPer10ms) refers to bsp_key.o(i.bsp_KeyScan10ms) for bsp_KeyScan10ms
    bsp_led.o(i.bsp_InitLed) refers to bsp_fmc_io.o(i.HC574_SetPin) for HC574_SetPin
    bsp_led.o(i.bsp_IsLedOn) refers to bsp_fmc_io.o(i.HC574_GetPin) for HC574_GetPin
    bsp_led.o(i.bsp_LedOff) refers to bsp_fmc_io.o(i.HC574_SetPin) for HC574_SetPin
    bsp_led.o(i.bsp_LedOn) refers to bsp_fmc_io.o(i.HC574_SetPin) for HC574_SetPin
    bsp_led.o(i.bsp_LedToggle) refers to bsp_fmc_io.o(i.HC574_GetPin) for HC574_GetPin
    bsp_led.o(i.bsp_LedToggle) refers to bsp_fmc_io.o(i.HC574_SetPin) for HC574_SetPin
    bsp_key.o(i.IsKeyDownFunc) refers to bsp_key.o(.constdata) for .constdata
    bsp_key.o(i.bsp_ClearKey) refers to bsp_key.o(.bss) for .bss
    bsp_key.o(i.bsp_GetKey) refers to bsp_key.o(.bss) for .bss
    bsp_key.o(i.bsp_GetKey2) refers to bsp_key.o(.bss) for .bss
    bsp_key.o(i.bsp_GetKeyState) refers to bsp_key.o(.bss) for .bss
    bsp_key.o(i.bsp_InitKey) refers to stm32h7xx_hal_gpio.o(i.HAL_GPIO_Init) for HAL_GPIO_Init
    bsp_key.o(i.bsp_InitKey) refers to bsp_key.o(.bss) for .bss
    bsp_key.o(i.bsp_InitKey) refers to bsp_key.o(.constdata) for .constdata
    bsp_key.o(i.bsp_KeyScan10ms) refers to bsp_key.o(i.IsKeyDownFunc) for IsKeyDownFunc
    bsp_key.o(i.bsp_KeyScan10ms) refers to bsp_key.o(.bss) for .bss
    bsp_key.o(i.bsp_KeyScan1ms) refers to bsp_key.o(i.IsKeyDownFunc) for IsKeyDownFunc
    bsp_key.o(i.bsp_KeyScan1ms) refers to bsp_key.o(.bss) for .bss
    bsp_key.o(i.bsp_PutKey) refers to bsp_key.o(.bss) for .bss
    bsp_key.o(i.bsp_SetKeyParam) refers to bsp_key.o(.bss) for .bss
    bsp_timer.o(i.SysTick_Handler) refers to stm32h7xx_hal.o(i.HAL_IncTick) for HAL_IncTick
    bsp_timer.o(i.SysTick_Handler) refers to bsp_timer.o(i.SysTick_ISR) for SysTick_ISR
    bsp_timer.o(i.SysTick_Handler) refers to bsp_timer.o(.data) for .data
    bsp_timer.o(i.SysTick_ISR) refers to bsp.o(i.bsp_RunPer1ms) for bsp_RunPer1ms
    bsp_timer.o(i.SysTick_ISR) refers to bsp.o(i.bsp_RunPer10ms) for bsp_RunPer10ms
    bsp_timer.o(i.SysTick_ISR) refers to bsp_timer.o(.data) for .data
    bsp_timer.o(i.SysTick_ISR) refers to bsp_timer.o(.bss) for .bss
[...]
    Removing stm32h7xx_ll_fmc.o(i.FMC_SDRAM_DeInit), (40 bytes).
    Removing stm32h7xx_ll_fmc.o(i.FMC_SDRAM_GetModeStatus), (18 bytes).
    Removing stm32h7xx_ll_fmc.o(i.FMC_SDRAM_Init), (100 bytes).
    Removing stm32h7xx_ll_fmc.o(i.FMC_SDRAM_ProgramRefreshRate), (12 bytes).
    Removing stm32h7xx_ll_fmc.o(i.FMC_SDRAM_SendCommand), (36 bytes).
    Removing stm32h7xx_ll_fmc.o(i.FMC_SDRAM_SetAutoRefreshNumber), (12 bytes).
    Removing stm32h7xx_ll_fmc.o(i.FMC_SDRAM_Timing_Init), (144 bytes).
    Removing stm32h7xx_ll_fmc.o(i.FMC_SDRAM_WriteProtection_Disable), (16 bytes).
    Removing stm32h7xx_ll_fmc.o(i.FMC_SDRAM_WriteProtection_Enable), (16 bytes).
    Removing stm32h7xx_hal_uart.o(.rev16_text), (4 bytes).
    Removing stm32h7xx_hal_uart.o(.revsh_text), (4 bytes).
    Removing stm32h7xx_hal_uart.o(.rrx_text), (6 bytes).
    Removing stm32h7xx_hal_uart.o(i.HAL_HalfDuplex_EnableReceiver), (68 bytes).
    Removing stm32h7xx_hal_uart.o(i.HAL_HalfDuplex_EnableTransmitter), (68 bytes).
    Removing stm32h7xx_hal_uart.o(i.HAL_HalfDuplex_Init), (120 bytes).
    Removing stm32h7xx_hal_uart.o(i.HAL_LIN_Init), (150 bytes).
    Removing stm32h7xx_hal_uart.o(i.HAL_LIN_SendBreak), (54 bytes).
    Removing stm32h7xx_hal_uart.o(i.HAL_MultiProcessor_DisableMuteMode), (44 bytes).
    Removing stm32h7xx_hal_uart.o(i.HAL_MultiProcessor_EnableMuteMode), (44 bytes).
    Removing stm32h7xx_hal_uart.o(i.HAL_MultiProcessor_EnterMuteMode), (12 bytes).
    Removing stm32h7xx_hal_uart.o(i.HAL_MultiProcessor_Init), (142 bytes).
    Removing stm32h7xx_hal_uart.o(i.HAL_UART_Abort), (120 bytes).
    Removing stm32h7xx_hal_uart.o(i.HAL_UART_AbortCpltCallback), (2 bytes).
    Removing stm32h7xx_hal_uart.o(i.HAL_UART_AbortReceive), (80 bytes).
    Removing stm32h7xx_hal_uart.o(i.HAL_UART_AbortReceiveCpltCallback), (2 bytes).
    Removing stm32h7xx_hal_uart.o(i.HAL_UART_AbortReceive_IT), (136 bytes).
    Removing stm32h7xx_hal_uart.o(i.HAL_UART_AbortTransmit), (70 bytes).
    Removing stm32h7xx_hal_uart.o(i.HAL_UART_AbortTransmitCpltCallback), (2 bytes).
    Removing stm32h7xx_hal_uart.o(i.HAL_UART_AbortTransmit_IT), (92 bytes).
    Removing stm32h7xx_hal_uart.o(i.HAL_UART_Abort_IT), (192 bytes).
    Removing stm32h7xx_hal_uart.o(i.HAL_UART_DMAPause), (100 bytes).
    Removing stm32h7xx_hal_uart.o(i.HAL_UART_DMAResume), (90 bytes).
    Removing stm32h7xx_hal_uart.o(i.HAL_UART_DMAStop), (120 bytes).
    Removing stm32h7xx_hal_uart.o(i.HAL_UART_DeInit), (66 bytes).
    Removing stm32h7xx_hal_uart.o(i.HAL_UART_ErrorCallback), (2 bytes).
    Removing stm32h7xx_hal_uart.o(i.HAL_UART_GetError), (4 bytes).
    Removing stm32h7xx_hal_uart.o(i.HAL_UART_GetState), (12 bytes).
    Removing stm32h7xx_hal_uart.o(i.HAL_UART_IRQHandler), (800 bytes).
    Removing stm32h7xx_hal_uart.o(i.HAL_UART_MspDeInit), (2 bytes).
    Removing stm32h7xx_hal_uart.o(i.HAL_UART_Receive), (342 bytes).
    Removing stm32h7xx_hal_uart.o(i.HAL_UART_Receive_DMA), (148 bytes).
    Removing stm32h7xx_hal_uart.o(i.HAL_UART_Receive_IT), (178 bytes).
    Removing stm32h7xx_hal_uart.o(i.HAL_UART_RxCpltCallback), (2 bytes).
    Removing stm32h7xx_hal_uart.o(i.HAL_UART_RxHalfCpltCallback), (2 bytes).
    Removing stm32h7xx_hal_uart.o(i.HAL_UART_Transmit), (272 bytes).
    Removing stm32h7xx_hal_uart.o(i.HAL_UART_Transmit_DMA), (136 bytes).
    Removing stm32h7xx_hal_uart.o(i.HAL_UART_Transmit_IT), (86 bytes).
    Removing stm32h7xx_hal_uart.o(i.HAL_UART_TxCpltCallback), (2 bytes).
    Removing stm32h7xx_hal_uart.o(i.HAL_UART_TxHalfCpltCallback), (2 bytes).
    Removing stm32h7xx_hal_uart.o(i.UART_DMAAbortOnError), (20 bytes).
    Removing stm32h7xx_hal_uart.o(i.UART_DMAError), (112 bytes).
    Removing stm32h7xx_hal_uart.o(i.UART_DMAReceiveCplt), (60 bytes).
    Removing stm32h7xx_hal_uart.o(i.UART_DMARxAbortCallback), (58 bytes).
    Removing stm32h7xx_hal_uart.o(i.UART_DMARxHalfCplt), (10 bytes).
    Removing stm32h7xx_hal_uart.o(i.UART_DMARxOnlyAbortCallback), (28 bytes).
    Removing stm32h7xx_hal_uart.o(i.UART_DMATransmitCplt), (46 bytes).
    Removing stm32h7xx_hal_uart.o(i.UART_DMATxAbortCallback), (58 bytes).
    Removing stm32h7xx_hal_uart.o(i.UART_DMATxHalfCplt), (10 bytes).
    Removing stm32h7xx_hal_uart.o(i.UART_DMATxOnlyAbortCallback), (22 bytes).
    Removing stm32h7xx_hal_uart_ex.o(.rev16_text), (4 bytes).
    Removing stm32h7xx_hal_uart_ex.o(.revsh_text), (4 bytes).
    Removing stm32h7xx_hal_uart_ex.o(.rrx_text), (6 bytes).
    Removing stm32h7xx_hal_uart_ex.o(i.HAL_MultiProcessorEx_AddressLength_Set), (50 bytes).
    Removing stm32h7xx_hal_uart_ex.o(i.HAL_RS485Ex_Init), (140 bytes).
    Removing stm32h7xx_hal_uart_ex.o(i.HAL_UARTEx_DisableStopMode), (54 bytes).
    Removing stm32h7xx_hal_uart_ex.o(i.HAL_UARTEx_EnableStopMode), (54 bytes).
    Removing stm32h7xx_hal_uart_ex.o(i.HAL_UARTEx_StopModeWakeUpSourceConfig), (234 bytes).
    Removing stm32h7xx_hal_uart_ex.o(i.HAL_UARTEx_WakeupCallback), (2 bytes).
    Removing stm32h7xx_hal_sram.o(.rev16_text), (4 bytes).
    Removing stm32h7xx_hal_sram.o(.revsh_text), (4 bytes).
    Removing stm32h7xx_hal_sram.o(.rrx_text), (6 bytes).
    Removing stm32h7xx_hal_sram.o(i.HAL_SRAM_DMA_XferCpltCallback), (2 bytes).
    Removing stm32h7xx_hal_sram.o(i.HAL_SRAM_DMA_XferErrorCallback), (2 bytes).
    Removing stm32h7xx_hal_sram.o(i.HAL_SRAM_DeInit), (30 bytes).
    Removing stm32h7xx_hal_sram.o(i.HAL_SRAM_GetState), (6 bytes).
    Removing stm32h7xx_hal_sram.o(i.HAL_SRAM_MspDeInit), (2 bytes).
    Removing stm32h7xx_hal_sram.o(i.HAL_SRAM_Read_16b), (66 bytes).
    Removing stm32h7xx_hal_sram.o(i.HAL_SRAM_Read_32b), (66 bytes).
    Removing stm32h7xx_hal_sram.o(i.HAL_SRAM_Read_8b), (66 bytes).
    Removing stm32h7xx_hal_sram.o(i.HAL_SRAM_Read_DMA), (80 bytes).
    Removing stm32h7xx_hal_sram.o(i.HAL_SRAM_WriteOperation_Disable), (50 bytes).
    Removing stm32h7xx_hal_sram.o(i.HAL_SRAM_WriteOperation_Enable), (42 bytes).
    Removing stm32h7xx_hal_sram.o(i.HAL_SRAM_Write_16b), (78 bytes).
    Removing stm32h7xx_hal_sram.o(i.HAL_SRAM_Write_32b), (78 bytes).
    Removing stm32h7xx_hal_sram.o(i.HAL_SRAM_Write_8b), (78 bytes).
    Removing stm32h7xx_hal_sram.o(i.HAL_SRAM_Write_DMA), (88 bytes).
    Removing stm32h7xx_hal_mdma.o(.rev16_text), (4 bytes).
    Removing stm32h7xx_hal_mdma.o(.revsh_text), (4 bytes).
    Removing stm32h7xx_hal_mdma.o(.rrx_text), (6 bytes).
    Removing stm32h7xx_hal_mdma.o(i.HAL_MDMA_Abort), (126 bytes).
    Removing stm32h7xx_hal_mdma.o(i.HAL_MDMA_Abort_IT), (44 bytes).
    Removing stm32h7xx_hal_mdma.o(i.HAL_MDMA_ConfigPostRequestMask), (104 bytes).
    Removing stm32h7xx_hal_mdma.o(i.HAL_MDMA_DeInit), (108 bytes).
    Removing stm32h7xx_hal_mdma.o(i.HAL_MDMA_GenerateSWRequest), (66 bytes).
    Removing stm32h7xx_hal_mdma.o(i.HAL_MDMA_GetError), (4 bytes).
    Removing stm32h7xx_hal_mdma.o(i.HAL_MDMA_GetState), (6 bytes).
    Removing stm32h7xx_hal_mdma.o(i.HAL_MDMA_IRQHandler), (424 bytes).
    Removing stm32h7xx_hal_mdma.o(i.HAL_MDMA_Init), (336 bytes).
    Removing stm32h7xx_hal_mdma.o(i.HAL_MDMA_LinkedList_AddNode), (242 bytes).
    Removing stm32h7xx_hal_mdma.o(i.HAL_MDMA_LinkedList_CreateNode), (348 bytes).
    Removing stm32h7xx_hal_mdma.o(i.HAL_MDMA_LinkedList_DisableCircularMode), (104 bytes).
    Removing stm32h7xx_hal_mdma.o(i.HAL_MDMA_LinkedList_EnableCircularMode), (108 bytes).
    Removing stm32h7xx_hal_mdma.o(i.HAL_MDMA_LinkedList_RemoveNode), (228 bytes).
    Removing stm32h7xx_hal_mdma.o(i.HAL_MDMA_PollForTransfer), (480 bytes).
    Removing stm32h7xx_hal_mdma.o(i.HAL_MDMA_RegisterCallback), (102 bytes).
    Removing stm32h7xx_hal_mdma.o(i.HAL_MDMA_Start), (236 bytes).
    Removing stm32h7xx_hal_mdma.o(i.HAL_MDMA_Start_IT), (288 bytes).
    Removing stm32h7xx_hal_mdma.o(i.HAL_MDMA_UnRegisterCallback), (114 bytes).
    Removing system_stm32h7xx.o(.rev16_text), (4 bytes).
    Removing system_stm32h7xx.o(.revsh_text), (4 bytes).
    Removing system_stm32h7xx.o(.rrx_text), (6 bytes).
    Removing system_stm32h7xx.o(i.SystemCoreClockUpdate), (408 bytes).
    Removing segger_hardfaulthandler.o(.rev16_text), (4 bytes).
    Removing segger_hardfaulthandler.o(.revsh_text), (4 bytes).
    Removing segger_hardfaulthandler.o(.rrx_text), (6 bytes).
    Removing minilzo.o(i.__lzo_align_gap), (24 bytes).
    Removing minilzo.o(i.__lzo_ptr_linear), (2 bytes).
    Removing minilzo.o(i._lzo_version_date), (8 bytes).
    Removing minilzo.o(i._lzo_version_string), (8 bytes).
    Removing minilzo.o(i.lzo1x_decompress_safe), (1326 bytes).
    Removing minilzo.o(i.lzo_adler32), (324 bytes).
    Removing minilzo.o(i.lzo_copyright), (8 bytes).
    Removing minilzo.o(i.lzo_memcmp), (4 bytes).
    Removing minilzo.o(i.lzo_memcpy), (4 bytes).
    Removing minilzo.o(i.lzo_memmove), (4 bytes).
    Removing minilzo.o(i.lzo_version), (6 bytes).
    Removing minilzo.o(i.lzo_version_date), (8 bytes).
    Removing minilzo.o(i.lzo_version_string), (8 bytes).
    Removing minilzo.o(.constdata), (22 bytes).
    Removing dadd.o(.text), (334 bytes).
    Removing dmul.o(.text), (228 bytes).
    Removing ddiv.o(.text), (222 bytes).
    Removing dfixul.o(.text), (48 bytes).
    Removing cdrcmple.o(.text), (48 bytes).
    Removing depilogue.o(.text), (186 bytes).

521 unused section(s) (total 46400 bytes) removed from the image.

==============================================================================

Image Symbol Table

    Local Symbols

    Symbol Name                              Value     Ov Type        Size  Object(Section)

    ../clib/../cmprslib/zerorunl.c           0x00000000   Number         0  __dczerorl.o ABSOLUTE
    ../clib/microlib/division.c              0x00000000   Number         0  uidiv.o ABSOLUTE
    ../clib/microlib/division.c              0x00000000   Number         0  uldiv.o ABSOLUTE
    ../clib/microlib/division.c              0x00000000   Number         0  ldiv.o ABSOLUTE
    ../clib/microlib/init/entry.s            0x00000000   Number         0  entry10b.o ABSOLUTE
    ../clib/microlib/init/entry.s            0x00000000   Number         0  entry10a.o ABSOLUTE
    ../clib/microlib/init/entry.s            0x00000000   Number         0  entry9b.o ABSOLUTE
    ../clib/microlib/init/entry.s            0x00000000   Number         0  entry.o ABSOLUTE
    ../clib/microlib/init/entry.s            0x00000000   Number         0  entry9a.o ABSOLUTE
    ../clib/microlib/init/entry.s            0x00000000   Number         0  entry2.o ABSOLUTE
    ../clib/microlib/init/entry.s            0x00000000   Number         0  entry8b.o ABSOLUTE
    ../clib/microlib/init/entry.s            0x00000000   Number         0  entry8a.o ABSOLUTE
    ../clib/microlib/init/entry.s            0x00000000   Number         0  entry7b.o ABSOLUTE
    ../clib/microlib/init/entry.s            0x00000000   Number         0  entry7a.o ABSOLUTE
    ../clib/microlib/init/entry.s            0x00000000   Number         0  entry5.o ABSOLUTE
    ../clib/microlib/init/entry.s            0x00000000   Number         0  entry11b.o ABSOLUTE
    ../clib/microlib/init/entry.s            0x00000000   Number         0  entry11a.o ABSOLUTE
    ../clib/microlib/longlong.c              0x00000000   Number         0  llushr.o ABSOLUTE
    ../clib/microlib/longlong.c              0x00000000   Number         0  llshl.o ABSOLUTE
    ../clib/microlib/longlong.c              0x00000000   Number         0  llsshr.o ABSOLUTE
    ../clib/microlib/printf/printf.c         0x00000000   Number         0  printf2.o ABSOLUTE
    ../clib/microlib/printf/printf.c         0x00000000   Number         0  printf4.o ABSOLUTE
    ../clib/microlib/printf/printf.c         0x00000000   Number         0  printfa.o ABSOLUTE
    ../clib/microlib/printf/printf.c         0x00000000   Number         0  printfb.o ABSOLUTE
    ../clib/microlib/printf/printf.c         0x00000000   Number         0  printf8.o ABSOLUTE
    ../clib/microlib/printf/printf.c         0x00000000   Number         0  printf0.o ABSOLUTE
    ../clib/microlib/printf/printf.c         0x00000000   Number         0  printf7.o ABSOLUTE
    ../clib/microlib/printf/printf.c         0x00000000   Number         0  printf6.o ABSOLUTE
    ../clib/microlib/printf/printf.c         0x00000000   Number         0  printf5.o ABSOLUTE
    ../clib/microlib/printf/printf.c         0x00000000   Number         0  printf1.o ABSOLUTE
    ../clib/microlib/printf/printf.c         0x00000000   Number         0  printf3.o ABSOLUTE
    ../clib/microlib/printf/stubs.s          0x00000000   Number         0  stubs.o ABSOLUTE
    ../clib/microlib/stdio/streams.c         0x00000000   Number         0  stdout.o ABSOLUTE
    ../clib/microlib/stdlib/rand.c           0x00000000   Number         0  rand.o ABSOLUTE
    ../clib/microlib/string/memcmp.c         0x00000000   Number         0  memcmp.o ABSOLUTE
    ../clib/microlib/string/memcpy.c         0x00000000   Number         0  memmovec.o ABSOLUTE
    ../clib/microlib/string/memcpy.c         0x00000000   Number         0  memcpyc.o ABSOLUTE
    ../clib/microlib/string/memcpy.c         0x00000000   Number         0  memmove.o ABSOLUTE
    ../clib/microlib/string/memcpy.c         0x00000000   Number         0  memcpy.o ABSOLUTE
    ../clib/microlib/string/memset.c         0x00000000   Number         0  memseta.o ABSOLUTE
    ../clib/microlib/string/memset.c         0x00000000   Number         0  memset.o ABSOLUTE
    ../clib/microlib/string/strlen.c         0x00000000   Number         0  strlen.o ABSOLUTE
    ../clib/microlib/stubs.s                 0x00000000   Number         0  iusefp.o ABSOLUTE
    ../fplib/microlib/fpadd.c                0x00000000   Number         0  dadd.o ABSOLUTE
    ../fplib/microlib/fpdiv.c                0x00000000   Number         0  ddiv.o ABSOLUTE
    ../fplib/microlib/fpepilogue.c           0x00000000   Number         0  depilogue.o ABSOLUTE
    ../fplib/microlib/fpfix.c                0x00000000   Number         0  dfixul.o ABSOLUTE
    ../fplib/microlib/fpmul.c                0x00000000   Number         0  dmul.o ABSOLUTE
    ..\..\Libraries\CMSIS\Device\ST\STM32H7xx\Source\Templates\arm\startup_stm32h743xx.s 0x00000000   Number         0  startup_stm32h743xx.o ABSOLUTE
    ..\..\Libraries\CMSIS\Device\ST\STM32H7xx\Source\Templates\system_stm32h7xx.c 0x00000000   Number         0  system_stm32h7xx.o ABSOLUTE
    ..\..\Libraries\STM32H7xx_HAL_Driver\Src\stm32h7xx_hal.c 0x00000000   Number         0  stm32h7xx_hal.o ABSOLUTE
    ..\..\Libraries\STM32H7xx_HAL_Driver\Src\stm32h7xx_hal_cortex.c 0x00000000   Number         0  stm32h7xx_hal_cortex.o ABSOLUTE
    ..\..\Libraries\STM32H7xx_HAL_Driver\Src\stm32h7xx_hal_dma.c 0x00000000   Number         0  stm32h7xx_hal_dma.o ABSOLUTE
    ..\..\Libraries\STM32H7xx_HAL_Driver\Src\stm32h7xx_hal_dma_ex.c 0x00000000   Number         0  stm32h7xx_hal_dma_ex.o ABSOLUTE
    ..\..\Libraries\STM32H7xx_HAL_Driver\Src\stm32h7xx_hal_gpio.c 0x00000000   Number         0  stm32h7xx_hal_gpio.o ABSOLUTE
    ..\..\Libraries\STM32H7xx_HAL_Driver\Src\stm32h7xx_hal_mdma.c 0x00000000   Number         0  stm32h7xx_hal_mdma.o ABSOLUTE
    ..\..\Libraries\STM32H7xx_HAL_Driver\Src\stm32h7xx_hal_rcc.c 0x00000000   Number         0  stm32h7xx_hal_rcc.o ABSOLUTE
    ..\..\Libraries\STM32H7xx_HAL_Driver\Src\stm32h7xx_hal_rcc_ex.c 0x00000000   Number         0  stm32h7xx_hal_rcc_ex.o ABSOLUTE
    ..\..\Libraries\STM32H7xx_HAL_Driver\Src\stm32h7xx_hal_sram.c 0x00000000   Number         0  stm32h7xx_hal_sram.o ABSOLUTE
    ..\..\Libraries\STM32H7xx_HAL_Driver\Src\stm32h7xx_hal_tim.c 0x00000000   Number         0  stm32h7xx_hal_tim.o ABSOLUTE
    ..\..\Libraries\STM32H7xx_HAL_Driver\Src\stm32h7xx_hal_tim_ex.c 0x00000000   Number         0  stm32h7xx_hal_tim_ex.o ABSOLUTE
    ..\..\Libraries\STM32H7xx_HAL_Driver\Src\stm32h7xx_hal_uart.c 0x00000000   Number         0  stm32h7xx_hal_uart.o ABSOLUTE
    ..\..\Libraries\STM32H7xx_HAL_Driver\Src\stm32h7xx_hal_uart_ex.c 0x00000000   Number         0  stm32h7xx_hal_uart_ex.o ABSOLUTE
    ..\..\Libraries\STM32H7xx_HAL_Driver\Src\stm32h7xx_ll_fmc.c 0x00000000   Number         0  stm32h7xx_ll_fmc.o ABSOLUTE
    ..\..\User\bsp\bsp.c                     0x00000000   Number         0  bsp.o ABSOLUTE
    ..\..\User\bsp\src\bsp_beep.c            0x00000000   Number         0  bsp_beep.o ABSOLUTE
    ..\..\User\bsp\src\bsp_dwt.c             0x00000000   Number         0  bsp_dwt.o ABSOLUTE
    ..\..\User\bsp\src\bsp_fmc_io.c          0x00000000   Number         0  bsp_fmc_io.o ABSOLUTE
    ..\..\User\bsp\src\bsp_key.c             0x00000000   Number         0  bsp_key.o ABSOLUTE
    ..\..\User\bsp\src\bsp_led.c             0x00000000   Number         0  bsp_led.o ABSOLUTE
    ..\..\User\bsp\src\bsp_tim_pwm.c         0x00000000   Number         0  bsp_tim_pwm.o ABSOLUTE
    ..\..\User\bsp\src\bsp_timer.c           0x00000000   Number         0  bsp_timer.o ABSOLUTE
    ..\..\User\bsp\src\bsp_uart_fifo.c       0x00000000   Number         0  bsp_uart_fifo.o ABSOLUTE
    ..\..\User\bsp\src\bsp_user_lib.c        0x00000000   Number         0  bsp_user_lib.o ABSOLUTE
    ..\..\User\bsp\stm32h7xx_it.c            0x00000000   Number         0  stm32h7xx_it.o ABSOLUTE
    ..\..\User\main.c                        0x00000000   Number         0  main.o ABSOLUTE
    ..\..\User\minilzo\minilzo.c             0x00000000   Number         0  minilzo.o ABSOLUTE
    ..\..\User\segger\HardFaultHandlerMDK\HardFaultHandler.S 0x00000000   Number         0  hardfaulthandler.o ABSOLUTE
    ..\..\User\segger\HardFaultHandlerMDK\SEGGER_HardFaultHandler.c 0x00000000   Number         0  segger_hardfaulthandler.o ABSOLUTE
    ..\\..\\Libraries\\CMSIS\\Device\\ST\\STM32H7xx\\Source\\Templates\\system_stm32h7xx.c 0x00000000   Number         0  system_stm32h7xx.o ABSOLUTE
    ..\\..\\Libraries\\STM32H7xx_HAL_Driver\\Src\\stm32h7xx_hal.c 0x00000000   Number         0  stm32h7xx_hal.o ABSOLUTE
    ..\\..\\Libraries\\STM32H7xx_HAL_Driver\\Src\\stm32h7xx_hal_cortex.c 0x00000000   Number         0  stm32h7xx_hal_cortex.o ABSOLUTE
    ..\\..\\Libraries\\STM32H7xx_HAL_Driver\\Src\\stm32h7xx_hal_dma.c 0x00000000   Number         0  stm32h7xx_hal_dma.o ABSOLUTE
    ..\\..\\Libraries\\STM32H7xx_HAL_Driver\\Src\\stm32h7xx_hal_dma_ex.c 0x00000000   Number         0  stm32h7xx_hal_dma_ex.o ABSOLUTE
    ..\\..\\Libraries\\STM32H7xx_HAL_Driver\\Src\\stm32h7xx_hal_gpio.c 0x00000000   Number         0  stm32h7xx_hal_gpio.o ABSOLUTE
    ..\\..\\Libraries\\STM32H7xx_HAL_Driver\\Src\\stm32h7xx_hal_mdma.c 0x00000000   Number         0  stm32h7xx_hal_mdma.o ABSOLUTE
    ..\\..\\Libraries\\STM32H7xx_HAL_Driver\\Src\\stm32h7xx_hal_rcc.c 0x00000000   Number         0  stm32h7xx_hal_rcc.o ABSOLUTE
    ..\\..\\Libraries\\STM32H7xx_HAL_Driver\\Src\\stm32h7xx_hal_rcc_ex.c 0x00000000   Number         0  stm32h7xx_hal_rcc_ex.o ABSOLUTE
    ..\\..\\Libraries\\STM32H7xx_HAL_Driver\\Src\\stm32h7xx_hal_sram.c 0x00000000   Number         0  stm32h7xx_hal_sram.o ABSOLUTE
    ..\\..\\Libraries\\STM32H7xx_HAL_Driver\\Src\\stm32h7xx_hal_tim.c 0x00000000   Number         0  stm32h7xx_hal_tim.o ABSOLUTE
    ..\\..\\Libraries\\STM32H7xx_HAL_Driver\\Src\\stm32h7xx_hal_tim_ex.c 0x00000000   Number         0  stm32h7xx_hal_tim_ex.o ABSOLUTE
    ..\\..\\Libraries\\STM32H7xx_HAL_Driver\\Src\\stm32h7xx_hal_uart.c 0x00000000   Number         0  stm32h7xx_hal_uart.o ABSOLUTE
    ..\\..\\Libraries\\STM32H7xx_HAL_Driver\\Src\\stm32h7xx_hal_uart_ex.c 0x00000000   Number         0  stm32h7xx_hal_uart_ex.o ABSOLUTE
    ..\\..\\Libraries\\STM32H7xx_HAL_Driver\\Src\\stm32h7xx_ll_fmc.c 0x00000000   Number         0  stm32h7xx_ll_fmc.o ABSOLUTE
    ..\\..\\User\\bsp\\bsp.c                 0x00000000   Number         0  bsp.o ABSOLUTE
    ..\\..\\User\\bsp\\src\\bsp_beep.c       0x00000000   Number         0  bsp_beep.o ABSOLUTE
    ..\\..\\User\\bsp\\src\\bsp_dwt.c        0x00000000   Number         0  bsp_dwt.o ABSOLUTE
    ..\\..\\User\\bsp\\src\\bsp_fmc_io.c     0x00000000   Number         0  bsp_fmc_io.o ABSOLUTE
    ..\\..\\User\\bsp\\src\\bsp_key.c        0x00000000   Number         0  bsp_key.o ABSOLUTE
    ..\\..\\User\\bsp\\src\\bsp_led.c        0x00000000   Number         0  bsp_led.o ABSOLUTE
    ..\\..\\User\\bsp\\src\\bsp_tim_pwm.c    0x00000000   Number         0  bsp_tim_pwm.o ABSOLUTE
    ..\\..\\User\\bsp\\src\\bsp_timer.c      0x00000000   Number         0  bsp_timer.o ABSOLUTE
    ..\\..\\User\\bsp\\src\\bsp_uart_fifo.c  0x00000000   Number         0  bsp_uart_fifo.o ABSOLUTE
    ..\\..\\User\\bsp\\src\\bsp_user_lib.c   0x00000000   Number         0  bsp_user_lib.o ABSOLUTE
    ..\\..\\User\\bsp\\stm32h7xx_it.c        0x00000000   Number         0  stm32h7xx_it.o ABSOLUTE
    ..\\..\\User\\main.c                     0x00000000   Number         0  main.o ABSOLUTE
    ..\\..\\User\\segger\\HardFaultHandlerMDK\\SEGGER_HardFaultHandler.c 0x00000000   Number         0  segger_hardfaulthandler.o ABSOLUTE
    cdrcmple.s                               0x00000000   Number         0  cdrcmple.o ABSOLUTE
    dc.s                                     0x00000000   Number         0  dc.o ABSOLUTE
    handlers.s                               0x00000000   Number         0  handlers.o ABSOLUTE
    init.s                                   0x00000000   Number         0  init.o ABSOLUTE
    RESET                                    0x08000000   Section      664  startup_stm32h743xx.o(RESET)
    .ARM.Collect$$$$00000000                 0x08000298   Section        0  entry.o(.ARM.Collect$$$$00000000)
    .ARM.Collect$$$$00000001                 0x08000298   Section        4  entry2.o(.ARM.Collect$$$$00000001)
    .ARM.Collect$$$$00000004                 0x0800029c   Section        4  entry5.o(.ARM.Collect$$$$00000004)
    .ARM.Collect$$$$00000008                 0x080002a0   Section        0  entry7b.o(.ARM.Collect$$$$00000008)
    .ARM.Collect$$$$0000000A                 0x080002a0   Section        0  entry8b.o(.ARM.Collect$$$$0000000A)
    .ARM.Collect$$$$0000000B                 0x080002a0   Section        8  entry9a.o(.ARM.Collect$$$$0000000B)
    .ARM.Collect$$$$0000000D                 0x080002a8   Section        0  entry10a.o(.ARM.Collect$$$$0000000D)
    .ARM.Collect$$$$0000000F                 0x080002a8   Section        0  entry11a.o(.ARM.Collect$$$$0000000F)
    .ARM.Collect$$$$00002712                 0x080002a8   Section        4  entry2.o(.ARM.Collect$$$$00002712)
    __lit__00000000                          0x080002a8   Data           4  entry2.o(.ARM.Collect$$$$00002712)
    .text                                    0x080002ac   Section       36  startup_stm32h743xx.o(.text)
    $v0                                      0x080002ac   Number         0  startup_stm32h743xx.o(.text)
    .text                                    0x080002d0   Section        0  uldiv.o(.text)
    .text                                    0x08000334   Section        0  rand.o(.text)
    .text                                    0x08000358   Section        0  memseta.o(.text)
    .text                                    0x0800037c   Section        0  llshl.o(.text)
    .text                                    0x0800039a   Section        0  llushr.o(.text)
    .text                                    0x080003bc   Section       36  init.o(.text)
    .text                                    0x080003e0   Section        0  __dczerorl.o(.text)
    OSKERNEL                                 0x0800041c   Section       18  hardfaulthandler.o(OSKERNEL)
    $v0                                      0x0800041c   Number         0  hardfaulthandler.o(OSKERNEL)
    i.BusFault_Handler                       0x0800042e   Section        0  stm32h7xx_it.o(i.BusFault_Handler)
    i.ComToUart                              0x08000430   Section        0  bsp_uart_fifo.o(i.ComToUart)
    i.DebugMon_Handler                       0x08000470   Section        0  stm32h7xx_it.o(i.DebugMon_Handler)
    i.Error_Handler                          0x08000472   Section        0  bsp.o(i.Error_Handler)
    i.FMC_NORSRAM_Extended_Timing_Init       0x0800047c   Section        0  stm32h7xx_ll_fmc.o(i.FMC_NORSRAM_Extended_Timing_Init)
    i.FMC_NORSRAM_Init                       0x080004c4   Section        0  stm32h7xx_ll_fmc.o(i.FMC_NORSRAM_Init)
    i.FMC_NORSRAM_Timing_Init                0x08000564   Section        0  stm32h7xx_ll_fmc.o(i.FMC_NORSRAM_Timing_Init)
    i.HAL_EnableCompensationCell             0x080005d4   Section        0  stm32h7xx_hal.o(i.HAL_EnableCompensationCell)
    i.HAL_GPIO_Init                          0x080005e4   Section        0  stm32h7xx_hal_gpio.o(i.HAL_GPIO_Init)
    i.HAL_GetTick                            0x08000834   Section        0  stm32h7xx_hal.o(i.HAL_GetTick)
    i.HAL_IncTick                            0x08000840   Section        0  stm32h7xx_hal.o(i.HAL_IncTick)
    i.HAL_Init                               0x08000850   Section        0  stm32h7xx_hal.o(i.HAL_Init)
    i.HAL_InitTick                           0x08000870   Section        0  stm32h7xx_hal.o(i.HAL_InitTick)
    i.HAL_MPU_ConfigRegion                   0x080008b0   Section        0  stm32h7xx_hal_cortex.o(i.HAL_MPU_ConfigRegion)
    i.HAL_MPU_Disable                        0x08000910   Section        0  stm32h7xx_hal_cortex.o(i.HAL_MPU_Disable)
    i.HAL_MPU_Enable                         0x08000930   Section        0  stm32h7xx_hal_cortex.o(i.HAL_MPU_Enable)
    i.HAL_MspInit                            0x08000954   Section        0  stm32h7xx_hal.o(i.HAL_MspInit)
    i.HAL_NVIC_EnableIRQ                     0x08000956   Section        0  stm32h7xx_hal_cortex.o(i.HAL_NVIC_EnableIRQ)
    i.HAL_NVIC_SetPriority                   0x08000974   Section        0  stm32h7xx_hal_cortex.o(i.HAL_NVIC_SetPriority)
    i.HAL_NVIC_SetPriorityGrouping           0x080009d4   Section        0  stm32h7xx_hal_cortex.o(i.HAL_NVIC_SetPriorityGrouping)
    i.HAL_RCCEx_GetD1SysClockFreq            0x080009f8   Section        0  stm32h7xx_hal_rcc_ex.o(i.HAL_RCCEx_GetD1SysClockFreq)
    i.HAL_RCCEx_GetD3PCLK1Freq               0x08000a2c   Section        0  stm32h7xx_hal_rcc_ex.o(i.HAL_RCCEx_GetD3PCLK1Freq)
    i.HAL_RCCEx_GetPLL2ClockFreq             0x08000a58   Section        0  stm32h7xx_hal_rcc_ex.o(i.HAL_RCCEx_GetPLL2ClockFreq)
    i.HAL_RCCEx_GetPLL3ClockFreq             0x08000bd0   Section        0  stm32h7xx_hal_rcc_ex.o(i.HAL_RCCEx_GetPLL3ClockFreq)
    i.HAL_RCCEx_PeriphCLKConfig              0x08000d48   Section        0  stm32h7xx_hal_rcc_ex.o(i.HAL_RCCEx_PeriphCLKConfig)
    i.HAL_RCC_ClockConfig                    0x080016b0   Section        0  stm32h7xx_hal_rcc.o(i.HAL_RCC_ClockConfig)
    i.HAL_RCC_GetHCLKFreq                    0x080018b4   Section        0  stm32h7xx_hal_rcc.o(i.HAL_RCC_GetHCLKFreq)
    i.HAL_RCC_GetPCLK1Freq                   0x080018e8   Section        0  stm32h7xx_hal_rcc.o(i.HAL_RCC_GetPCLK1Freq)
    i.HAL_RCC_GetPCLK2Freq                   0x0800193c   Section        0  stm32h7xx_hal_rcc.o(i.HAL_RCC_GetPCLK2Freq)
    i.HAL_RCC_GetSysClockFreq                0x08001990   Section        0  stm32h7xx_hal_rcc.o(i.HAL_RCC_GetSysClockFreq)
    i.HAL_RCC_OscConfig                      0x08001b30   Section        0  stm32h7xx_hal_rcc.o(i.HAL_RCC_OscConfig)
    i.HAL_SRAM_Init                          0x080020e8   Section        0  stm32h7xx_hal_sram.o(i.HAL_SRAM_Init)
    i.HAL_SRAM_MspInit                       0x0800214c   Section        0  stm32h7xx_hal_sram.o(i.HAL_SRAM_MspInit)
    i.HAL_SYSTICK_Config                     0x08002150   Section        0  stm32h7xx_hal_cortex.o(i.HAL_SYSTICK_Config)
    i.HAL_TIM_Base_Init                      0x08002178   Section        0  stm32h7xx_hal_tim.o(i.HAL_TIM_Base_Init)
    i.HAL_TIM_Base_MspInit                   0x080021ae   Section        0  stm32h7xx_hal_tim.o(i.HAL_TIM_Base_MspInit)
    i.HAL_TIM_Base_Start                     0x080021b0   Section        0  stm32h7xx_hal_tim.o(i.HAL_TIM_Base_Start)
    i.HAL_UART_Init                          0x080021ca   Section        0  stm32h7xx_hal_uart.o(i.HAL_UART_Init)
    i.HAL_UART_MspInit                       0x08002238   Section        0  stm32h7xx_hal_uart.o(i.HAL_UART_MspInit)
    i.HC574_GetPin                           0x0800223c   Section        0  bsp_fmc_io.o(i.HC574_GetPin)
    i.HC574_SetPin                           0x0800224c   Section        0  bsp_fmc_io.o(i.HC574_SetPin)
    i.HardFaultHandler                       0x0800226c   Section        0  segger_hardfaulthandler.o(i.HardFaultHandler)
    i.IsKeyDownFunc                          0x08002364   Section        0  bsp_key.o(i.IsKeyDownFunc)
    IsKeyDownFunc                            0x08002365   Thumb Code   172  bsp_key.o(i.IsKeyDownFunc)
    i.MemManage_Handler                      0x08002414   Section        0  stm32h7xx_it.o(i.MemManage_Handler)
    i.NMI_Handler                            0x08002416   Section        0  stm32h7xx_it.o(i.NMI_Handler)
    i.PendSV_Handler                         0x08002418   Section        0  stm32h7xx_it.o(i.PendSV_Handler)
    i.RCCEx_PLL2_Config                      0x0800241c   Section        0  stm32h7xx_hal_rcc_ex.o(i.RCCEx_PLL2_Config)
    RCCEx_PLL2_Config                        0x0800241d   Thumb Code   274  stm32h7xx_hal_rcc_ex.o(i.RCCEx_PLL2_Config)
    i.RCCEx_PLL3_Config                      0x08002540   Section        0  stm32h7xx_hal_rcc_ex.o(i.RCCEx_PLL3_Config)
    RCCEx_PLL3_Config                        0x08002541   Thumb Code   274  stm32h7xx_hal_rcc_ex.o(i.RCCEx_PLL3_Config)
    i.SVC_Handler                            0x08002664   Section        0  stm32h7xx_it.o(i.SVC_Handler)
    i.SysTick_Handler                        0x08002668   Section        0  bsp_timer.o(i.SysTick_Handler)
    i.SysTick_ISR                            0x08002684   Section        0  bsp_timer.o(i.SysTick_ISR)
    i.SystemInit                             0x08002748   Section        0  system_stm32h7xx.o(i.SystemInit)
    i.TIM2_IRQHandler                        0x080027f4   Section        0  bsp_timer.o(i.TIM2_IRQHandler)
    i.TIM_Base_SetConfig                     0x08002894   Section        0  stm32h7xx_hal_tim.o(i.TIM_Base_SetConfig)
    i.TestMiniLZO                            0x08002958   Section        0  main.o(i.TestMiniLZO)
    TestMiniLZO                              0x08002959   Thumb Code   284  main.o(i.TestMiniLZO)
    i.UART_AdvFeatureConfig                  0x08002b64   Section        0  stm32h7xx_hal_uart.o(i.UART_AdvFeatureConfig)
    i.UART_CheckIdleState                    0x08002c3e   Section        0  stm32h7xx_hal_uart.o(i.UART_CheckIdleState)
    i.UART_SetConfig                         0x08002ca0   Section        0  stm32h7xx_hal_uart.o(i.UART_SetConfig)
    i.UART_WaitOnFlagUntilTimeout            0x08003358   Section        0  stm32h7xx_hal_uart.o(i.UART_WaitOnFlagUntilTimeout)
    i.USART1_IRQHandler                      0x080033d0   Section        0  bsp_uart_fifo.o(i.USART1_IRQHandler)
    i.UsageFault_Handler                     0x08003528   Section        0  stm32h7xx_it.o(i.UsageFault_Handler)
    i.__0printf$8                            0x0800352c   Section        0  printf8.o(i.__0printf$8)
    i.__lzo_init_v2                          0x0800354c   Section        0  minilzo.o(i.__lzo_init_v2)
    i.__scatterload_copy                     0x080035da   Section       14  handlers.o(i.__scatterload_copy)
    i.__scatterload_null                     0x080035e8   Section        2  handlers.o(i.__scatterload_null)
    i.__scatterload_zeroinit                 0x080035ea   Section       14  handlers.o(i.__scatterload_zeroinit)
    i._lzo_config_check                      0x080035f8   Section        0  minilzo.o(i._lzo_config_check)
    i._printf_core                           0x0800371c   Section        0  printf8.o(i._printf_core)
    _printf_core                             0x0800371d   Thumb Code   996  printf8.o(i._printf_core)
    i._printf_post_padding                   0x08003b2c   Section        0  printf8.o(i._printf_post_padding)
    _printf_post_padding                     0x08003b2d   Thumb Code    36  printf8.o(i._printf_post_padding)
    i._printf_pre_padding                    0x08003b50   Section        0  printf8.o(i._printf_pre_padding)
    _printf_pre_padding                      0x08003b51   Thumb Code    46  printf8.o(i._printf_pre_padding)
    i.bsp_CheckTimer                         0x08003b80   Section        0  bsp_timer.o(i.bsp_CheckTimer)
    i.bsp_GetKey                             0x08003ba4   Section        0  bsp_key.o(i.bsp_GetKey)
    i.bsp_Idle                               0x08003bc8   Section        0  bsp.o(i.bsp_Idle)
    i.bsp_Init                               0x08003bcc   Section        0  bsp.o(i.bsp_Init)
    i.bsp_InitDWT                            0x08003da0   Section        0  bsp_dwt.o(i.bsp_InitDWT)
    i.bsp_InitExtIO                          0x08003dc4   Section        0  bsp_fmc_io.o(i.bsp_InitExtIO)
    i.bsp_InitHardTimer                      0x08003f30   Section        0  bsp_timer.o(i.bsp_InitHardTimer)
    i.bsp_InitKey                            0x08003fe8   Section        0  bsp_key.o(i.bsp_InitKey)
    i.bsp_InitLed                            0x080040f8   Section        0  bsp_led.o(i.bsp_InitLed)
    i.bsp_InitTimer                          0x08004120   Section        0  bsp_timer.o(i.bsp_InitTimer)
    i.bsp_InitUart                           0x0800418c   Section        0  bsp_uart_fifo.o(i.bsp_InitUart)
    i.bsp_KeyScan10ms                        0x080042dc   Section        0  bsp_key.o(i.bsp_KeyScan10ms)
    i.bsp_LedToggle                          0x080043e4   Section        0  bsp_led.o(i.bsp_LedToggle)
    i.bsp_RunPer10ms                         0x0800442e   Section        0  bsp.o(i.bsp_RunPer10ms)
    i.bsp_RunPer1ms                          0x08004432   Section        0  bsp.o(i.bsp_RunPer1ms)
    i.bsp_SetUartParam                       0x08004434   Section        0  bsp_uart_fifo.o(i.bsp_SetUartParam)
    i.bsp_StartAutoTimer                     0x080044ac   Section        0  bsp_timer.o(i.bsp_StartAutoTimer)
    i.comSendBuf                             0x0800452c   Section        0  bsp_uart_fifo.o(i.comSendBuf)
    i.fputc                                  0x080045ca   Section        0  bsp_uart_fifo.o(i.fputc)
    i.lzo1x_1_compress                       0x080045e0   Section        0  minilzo.o(i.lzo1x_1_compress)
    i.lzo1x_decompress                       0x08004ae4   Section        0  minilzo.o(i.lzo1x_decompress)
    i.lzo_memset                             0x08004ef6   Section        0  minilzo.o(i.lzo_memset)
    i.main                                   0x08004efc   Section        0  main.o(i.main)
    .constdata                               0x080052b0   Section       64  bsp_key.o(.constdata)
    s_gpio_list                              0x080052b0   Data          64  bsp_key.o(.constdata)
    .constdata                               0x080052f0   Section       48  bsp_timer.o(.constdata)
    __FUNCTION__                             0x080052f0   Data          15  bsp_timer.o(.constdata)
    __FUNCTION__                             0x080052ff   Data          19  bsp_timer.o(.constdata)
    __FUNCTION__                             0x08005312   Data          14  bsp_timer.o(.constdata)
    .constdata                               0x08005320   Section       24  stm32h7xx_hal_uart.o(.constdata)
    UARTPrescTable                           0x08005320   Data          24  stm32h7xx_hal_uart.o(.constdata)
    .constdata                               0x08005338   Section       16  system_stm32h7xx.o(.constdata)
    .conststring                             0x08005348   Section      154  main.o(.conststring)
    .data                                    0x20000000   Section       28  bsp_timer.o(.data)
    s_ucTimeOutFlag                          0x20000000   Data           1  bsp_timer.o(.data)
    g_ucEnableSystickISR                     0x20000001   Data           1  bsp_timer.o(.data)
    s_count                                  0x20000002   Data           1  bsp_timer.o(.data)
    s_uiDelayCount                           0x20000004   Data           4  bsp_timer.o(.data)
    s_TIM_CallBack1                          0x2000000c   Data           4  bsp_timer.o(.data)
    s_TIM_CallBack2                          0x20000010   Data           4  bsp_timer.o(.data)
    s_TIM_CallBack3                          0x20000014   Data           4  bsp_timer.o(.data)
    s_TIM_CallBack4                          0x20000018   Data           4  bsp_timer.o(.data)
    .data                                    0x2000001c   Section        4  bsp_fmc_io.o(.data)
    .data                                    0x20000020   Section       12  stm32h7xx_hal.o(.data)
    uwTickFreq                               0x20000020   Data           1  stm32h7xx_hal.o(.data)
    uwTickPrio                               0x20000024   Data           4  stm32h7xx_hal.o(.data)
    uwTick                                   0x20000028   Data           4  stm32h7xx_hal.o(.data)
    .data                                    0x2000002c   Section        4  system_stm32h7xx.o(.data)
    .data                                    0x20000030   Section        4  system_stm32h7xx.o(.data)
    .data                                    0x20000034   Section        4  segger_hardfaulthandler.o(.data)
    _Continue                                0x20000034   Data           4  segger_hardfaulthandler.o(.data)
    .data                                    0x20000038   Section        4  rand.o(.data)
    _rand_state                              0x20000038   Data           4  rand.o(.data)
    .data                                    0x2000003c   Section        4  stdout.o(.data)
    .bss                                     0x20000040   Section    107848  main.o(.bss)
    in                                       0x20000040   Data       20480  main.o(.bss)
    out                                      0x20005040   Data       21827  main.o(.bss)
    wrkmem                                   0x2000a588   Data       65536  main.o(.bss)
    .bss                                     0x2001a588   Section      173  bsp_key.o(.bss)
    s_tBtn                                   0x2001a588   Data         160  bsp_key.o(.bss)
    s_tKey                                   0x2001a628   Data          13  bsp_key.o(.bss)
    .bss                                     0x2001a638   Section       48  bsp_timer.o(.bss)
    s_tTmr                                   0x2001a638   Data          48  bsp_timer.o(.bss)
    .bss                                     0x2001a668   Section     2092  bsp_uart_fifo.o(.bss)
    g_tUart1                                 0x2001a668   Data          44  bsp_uart_fifo.o(.bss)
    g_TxBuf1                                 0x2001a694   Data        1024  bsp_uart_fifo.o(.bss)
    g_RxBuf1                                 0x2001aa94   Data        1024  bsp_uart_fifo.o(.bss)
    .bss                                     0x2001ae94   Section       64  segger_hardfaulthandler.o(.bss)
    HardFaultRegs                            0x2001ae94   Data          64  segger_hardfaulthandler.o(.bss)
    STACK                                    0x2001aed8   Section     4096  startup_stm32h743xx.o(STACK)
    .RAM_D1                                  0x24000000   Section    20482  main.o(.RAM_D1)
    .RAM_D2                                  0x30000000   Section        2  main.o(.RAM_D2)
    .RAM_D3                                  0x38000000   Section        2  main.o(.RAM_D3)

    Global Symbols

    Symbol Name                              Value     Ov Type        Size  Object(Section)

    BuildAttributes$$THM_ISAv4$E$P$D$K$B$S$7EM$VFPv5_D16$PE$PLD8$A:L22UL41UL21$X:L11$S22US41US21$IEEE1$IW$USESV6$~STKCKD$USESV7$~SHL$OTIME$ROPI$EBA8$MICROLIB$REQ8$PRES8$EABIv2 0x00000000   Number         0  anon$$obj.o ABSOLUTE
    __ARM_use_no_argv                        0x00000000   Number         0  main.o ABSOLUTE
    _printf_a                                0x00000000   Number         0  stubs.o ABSOLUTE
    _printf_c                                0x00000000   Number         0  stubs.o ABSOLUTE
    _printf_charcount                        0x00000000   Number         0  stubs.o ABSOLUTE
    _printf_d                                0x00000000   Number         0  stubs.o ABSOLUTE
    _printf_e                                0x00000000   Number         0  stubs.o ABSOLUTE
    _printf_f                                0x00000000   Number         0  stubs.o ABSOLUTE
    _printf_flags                            0x00000000   Number         0  stubs.o ABSOLUTE
    _printf_fp_dec                           0x00000000   Number         0  stubs.o ABSOLUTE
    _printf_fp_hex                           0x00000000   Number         0  stubs.o ABSOLUTE
    _printf_g                                0x00000000   Number         0  stubs.o ABSOLUTE
    _printf_i                                0x00000000   Number         0  stubs.o ABSOLUTE
    _printf_int_dec                          0x00000000   Number         0  stubs.o ABSOLUTE
    _printf_l                                0x00000000   Number         0  stubs.o ABSOLUTE
    _printf_lc                               0x00000000   Number         0  stubs.o ABSOLUTE
    _printf_ll                               0x00000000   Number         0  stubs.o ABSOLUTE
    _printf_lld                              0x00000000   Number         0  stubs.o ABSOLUTE
    _printf_lli                              0x00000000   Number         0  stubs.o ABSOLUTE
    _printf_llo                              0x00000000   Number         0  stubs.o ABSOLUTE
    _printf_llu                              0x00000000   Number         0  stubs.o ABSOLUTE
    _printf_llx                              0x00000000   Number         0  stubs.o ABSOLUTE
    _printf_longlong_dec                     0x00000000   Number         0  stubs.o ABSOLUTE
    _printf_longlong_hex                     0x00000000   Number         0  stubs.o ABSOLUTE
    _printf_longlong_oct                     0x00000000   Number         0  stubs.o ABSOLUTE
    _printf_ls                               0x00000000   Number         0  stubs.o ABSOLUTE
    _printf_mbtowc                           0x00000000   Number         0  stubs.o ABSOLUTE
    _printf_n                                0x00000000   Number         0  stubs.o ABSOLUTE
    _printf_o                                0x00000000   Number         0  stubs.o ABSOLUTE
    _printf_p                                0x00000000   Number         0  stubs.o ABSOLUTE
    _printf_percent                          0x00000000   Number         0  stubs.o ABSOLUTE
    _printf_pre_padding                      0x00000000   Number         0  stubs.o ABSOLUTE
    _printf_return_value                     0x00000000   Number         0  stubs.o ABSOLUTE
    _printf_s                                0x00000000   Number         0  stubs.o ABSOLUTE
    _printf_sizespec                         0x00000000   Number         0  stubs.o ABSOLUTE
    _printf_str                              0x00000000   Number         0  stubs.o ABSOLUTE
    _printf_truncate_signed                  0x00000000   Number         0  stubs.o ABSOLUTE
    _printf_truncate_unsigned                0x00000000   Number         0  stubs.o ABSOLUTE
    _printf_u                                0x00000000   Number         0  stubs.o ABSOLUTE
    _printf_wc                               0x00000000   Number         0  stubs.o ABSOLUTE
    _printf_wctomb                           0x00000000   Number         0  stubs.o ABSOLUTE
    _printf_widthprec                        0x00000000   Number         0  stubs.o ABSOLUTE
    _printf_x                                0x00000000   Number         0  stubs.o ABSOLUTE
    __cpp_initialize__aeabi_                  - Undefined Weak Reference
    __cxa_finalize                            - Undefined Weak Reference
    _clock_init                               - Undefined Weak Reference
    _microlib_exit                            - Undefined Weak Reference
    __Vectors_Size                           0x00000298   Number         0  startup_stm32h743xx.o ABSOLUTE
    __Vectors                                0x08000000   Data           4  startup_stm32h743xx.o(RESET)
    __Vectors_End                            0x08000298   Data           0  startup_stm32h743xx.o(RESET)
    __main                                   0x08000299   Thumb Code     0  entry.o(.ARM.Collect$$$$00000000)
    _main_stk                                0x08000299   Thumb Code     0  entry2.o(.ARM.Collect$$$$00000001)
    _main_scatterload                        0x0800029d   Thumb Code     0  entry5.o(.ARM.Collect$$$$00000004)
    __main_after_scatterload                 0x080002a1   Thumb Code     0  entry5.o(.ARM.Collect$$$$00000004)
    _main_clock                              0x080002a1   Thumb Code     0  entry7b.o(.ARM.Collect$$$$00000008)
    _main_cpp_init                           0x080002a1   Thumb Code     0  entry8b.o(.ARM.Collect$$$$0000000A)
    _main_init                               0x080002a1   Thumb Code     0  entry9a.o(.ARM.Collect$$$$0000000B)
    __rt_final_cpp                           0x080002a9   Thumb Code     0  entry10a.o(.ARM.Collect$$$$0000000D)
    __rt_final_exit                          0x080002a9   Thumb Code     0  entry11a.o(.ARM.Collect$$$$0000000F)
    Reset_Handler                            0x080002ad   Thumb Code     8  startup_stm32h743xx.o(.text)
    ADC3_IRQHandler                          0x080002c7   Thumb Code     0  startup_stm32h743xx.o(.text)
    ADC_IRQHandler                           0x080002c7   Thumb Code     0  startup_stm32h743xx.o(.text)
    BDMA_Channel0_IRQHandler                 0x080002c7   Thumb Code     0  startup_stm32h743xx.o(.text)
    BDMA_Channel1_IRQHandler                 0x080002c7   Thumb Code     0  startup_stm32h743xx.o(.text)
    BDMA_Channel2_IRQHandler                 0x080002c7   Thumb Code     0  startup_stm32h743xx.o(.text)
    BDMA_Channel3_IRQHandler                 0x080002c7   Thumb Code     0  startup_stm32h743xx.o(.text)
    BDMA_Channel4_IRQHandler                 0x080002c7   Thumb Code     0  startup_stm32h743xx.o(.text)
    BDMA_Channel5_IRQHandler                 0x080002c7   Thumb Code     0  startup_stm32h743xx.o(.text)
    BDMA_Channel6_IRQHandler                 0x080002c7   Thumb Code     0  startup_stm32h743xx.o(.text)
    BDMA_Channel7_IRQHandler                 0x080002c7   Thumb Code     0  startup_stm32h743xx.o(.text)
    CEC_IRQHandler                           0x080002c7   Thumb Code     0  startup_stm32h743xx.o(.text)
    COMP1_IRQHandler                         0x080002c7   Thumb Code     0  startup_stm32h743xx.o(.text)
    CRS_IRQHandler                           0x080002c7   Thumb Code     0  startup_stm32h743xx.o(.text)
    DCMI_IRQHandler                          0x080002c7   Thumb Code     0  startup_stm32h743xx.o(.text)
    DFSDM1_FLT0_IRQHandler                   0x080002c7   Thumb Code     0  startup_stm32h743xx.o(.text)
    DFSDM1_FLT1_IRQHandler                   0x080002c7   Thumb Code     0  startup_stm32h743xx.o(.text)
    DFSDM1_FLT2_IRQHandler                   0x080002c7   Thumb Code     0  startup_stm32h743xx.o(.text)
    DFSDM1_FLT3_IRQHandler                   0x080002c7   Thumb Code     0  startup_stm32h743xx.o(.text)
    DMA1_Stream0_IRQHandler                  0x080002c7   Thumb Code     0  startup_stm32h743xx.o(.text)
    DMA1_Stream1_IRQHandler                  0x080002c7   Thumb Code     0  startup_stm32h743xx.o(.text)
    DMA1_Stream2_IRQHandler                  0x080002c7   Thumb Code     0  startup_stm32h743xx.o(.text)
    DMA1_Stream3_IRQHandler                  0x080002c7   Thumb Code     0  startup_stm32h743xx.o(.text)
    DMA1_Stream4_IRQHandler                  0x080002c7   Thumb Code     0  startup_stm32h743xx.o(.text)
    DMA1_Stream5_IRQHandler                  0x080002c7   Thumb Code     0  startup_stm32h743xx.o(.text)
    DMA1_Stream6_IRQHandler                  0x080002c7   Thumb Code     0  startup_stm32h743xx.o(.text)
    DMA1_Stream7_IRQHandler                  0x080002c7   Thumb Code     0  startup_stm32h743xx.o(.text)
    DMA2D_IRQHandler                         0x080002c7   Thumb Code     0  startup_stm32h743xx.o(.text)
    DMA2_Stream0_IRQHandler                  0x080002c7   Thumb Code     0  startup_stm32h743xx.o(.text)
    DMA2_Stream1_IRQHandler                  0x080002c7   Thumb Code     0  startup_stm32h743xx.o(.text)
    DMA2_Stream2_IRQHandler                  0x080002c7   Thumb Code     0  startup_stm32h743xx.o(.text)
    DMA2_Stream3_IRQHandler                  0x080002c7   Thumb Code     0  startup_stm32h743xx.o(.text)
    DMA2_Stream4_IRQHandler                  0x080002c7   Thumb Code     0  startup_stm32h743xx.o(.text)
    DMA2_Stream5_IRQHandler                  0x080002c7   Thumb Code     0  startup_stm32h743xx.o(.text)
    DMA2_Stream6_IRQHandler                  0x080002c7   Thumb Code     0  startup_stm32h743xx.o(.text)
    DMA2_Stream7_IRQHandler                  0x080002c7   Thumb Code     0  startup_stm32h743xx.o(.text)
    DMAMUX1_OVR_IRQHandler                   0x080002c7   Thumb Code     0  startup_stm32h743xx.o(.text)
    DMAMUX2_OVR_IRQHandler                   0x080002c7   Thumb Code     0  startup_stm32h743xx.o(.text)
    ETH_IRQHandler                           0x080002c7   Thumb Code     0  startup_stm32h743xx.o(.text)
    ETH_WKUP_IRQHandler                      0x080002c7   Thumb Code     0  startup_stm32h743xx.o(.text)
    EXTI0_IRQHandler                         0x080002c7   Thumb Code     0  startup_stm32h743xx.o(.text)
    EXTI15_10_IRQHandler                     0x080002c7   Thumb Code     0  startup_stm32h743xx.o(.text)
    EXTI1_IRQHandler                         0x080002c7   Thumb Code     0  startup_stm32h743xx.o(.text)
    EXTI2_IRQHandler                         0x080002c7   Thumb Code     0  startup_stm32h743xx.o(.text)
    EXTI3_IRQHandler                         0x080002c7   Thumb Code     0  startup_stm32h743xx.o(.text)
    EXTI4_IRQHandler                         0x080002c7   Thumb Code     0  startup_stm32h743xx.o(.text)
    EXTI9_5_IRQHandler                       0x080002c7   Thumb Code     0  startup_stm32h743xx.o(.text)
    FDCAN1_IT0_IRQHandler                    0x080002c7   Thumb Code     0  startup_stm32h743xx.o(.text)
    FDCAN1_IT1_IRQHandler                    0x080002c7   Thumb Code     0  startup_stm32h743xx.o(.text)
    FDCAN2_IT0_IRQHandler                    0x080002c7   Thumb Code     0  startup_stm32h743xx.o(.text)
    FDCAN2_IT1_IRQHandler                    0x080002c7   Thumb Code     0  startup_stm32h743xx.o(.text)
    FDCAN_CAL_IRQHandler                     0x080002c7   Thumb Code     0  startup_stm32h743xx.o(.text)
    FLASH_IRQHandler                         0x080002c7   Thumb Code     0  startup_stm32h743xx.o(.text)
    FMC_IRQHandler                           0x080002c7   Thumb Code     0  startup_stm32h743xx.o(.text)
    FPU_IRQHandler                           0x080002c7   Thumb Code     0  startup_stm32h743xx.o(.text)
    HRTIM1_FLT_IRQHandler                    0x080002c7   Thumb Code     0  startup_stm32h743xx.o(.text)
    HRTIM1_Master_IRQHandler                 0x080002c7   Thumb Code     0  startup_stm32h743xx.o(.text)
    HRTIM1_TIMA_IRQHandler                   0x080002c7   Thumb Code     0  startup_stm32h743xx.o(.text)
    HRTIM1_TIMB_IRQHandler                   0x080002c7   Thumb Code     0  startup_stm32h743xx.o(.text)
    HRTIM1_TIMC_IRQHandler                   0x080002c7   Thumb Code     0  startup_stm32h743xx.o(.text)
    HRTIM1_TIMD_IRQHandler                   0x080002c7   Thumb Code     0  startup_stm32h743xx.o(.text)
    HRTIM1_TIME_IRQHandler                   0x080002c7   Thumb Code     0  startup_stm32h743xx.o(.text)
    HSEM1_IRQHandler                         0x080002c7   Thumb Code     0  startup_stm32h743xx.o(.text)
    I2C1_ER_IRQHandler                       0x080002c7   Thumb Code     0  startup_stm32h743xx.o(.text)
    I2C1_EV_IRQHandler                       0x080002c7   Thumb Code     0  startup_stm32h743xx.o(.text)
    I2C2_ER_IRQHandler                       0x080002c7   Thumb Code     0  startup_stm32h743xx.o(.text)
    I2C2_EV_IRQHandler                       0x080002c7   Thumb Code     0  startup_stm32h743xx.o(.text)
    I2C3_ER_IRQHandler                       0x080002c7   Thumb Code     0  startup_stm32h743xx.o(.text)
    I2C3_EV_IRQHandler                       0x080002c7   Thumb Code     0  startup_stm32h743xx.o(.text)
    I2C4_ER_IRQHandler                       0x080002c7   Thumb Code     0  startup_stm32h743xx.o(.text)
    I2C4_EV_IRQHandler                       0x080002c7   Thumb Code     0  startup_stm32h743xx.o(.text)
    JPEG_IRQHandler                          0x080002c7   Thumb Code     0  startup_stm32h743xx.o(.text)
    LPTIM1_IRQHandler                        0x080002c7   Thumb Code     0  startup_stm32h743xx.o(.text)
    LPTIM2_IRQHandler                        0x080002c7   Thumb Code     0  startup_stm32h743xx.o(.text)
    LPTIM3_IRQHandler                        0x080002c7   Thumb Code     0  startup_stm32h743xx.o(.text)
    LPTIM4_IRQHandler                        0x080002c7   Thumb Code     0  startup_stm32h743xx.o(.text)
    LPTIM5_IRQHandler                        0x080002c7   Thumb Code     0  startup_stm32h743xx.o(.text)
    LPUART1_IRQHandler                       0x080002c7   Thumb Code     0  startup_stm32h743xx.o(.text)
    LTDC_ER_IRQHandler                       0x080002c7   Thumb Code     0  startup_stm32h743xx.o(.text)
    LTDC_IRQHandler                          0x080002c7   Thumb Code     0  startup_stm32h743xx.o(.text)
    MDIOS_IRQHandler                         0x080002c7   Thumb Code     0  startup_stm32h743xx.o(.text)
    MDIOS_WKUP_IRQHandler                    0x080002c7   Thumb Code     0  startup_stm32h743xx.o(.text)
    MDMA_IRQHandler                          0x080002c7   Thumb Code     0  startup_stm32h743xx.o(.text)
    OTG_FS_EP1_IN_IRQHandler                 0x080002c7   Thumb Code     0  startup_stm32h743xx.o(.text)
    OTG_FS_EP1_OUT_IRQHandler                0x080002c7   Thumb Code     0  startup_stm32h743xx.o(.text)
    OTG_FS_IRQHandler                        0x080002c7   Thumb Code     0  startup_stm32h743xx.o(.text)
    OTG_FS_WKUP_IRQHandler                   0x080002c7   Thumb Code     0  startup_stm32h743xx.o(.text)
    OTG_HS_EP1_IN_IRQHandler                 0x080002c7   Thumb Code     0  startup_stm32h743xx.o(.text)
    OTG_HS_EP1_OUT_IRQHandler                0x080002c7   Thumb Code     0  startup_stm32h743xx.o(.text)
    OTG_HS_IRQHandler                        0x080002c7   Thumb Code     0  startup_stm32h743xx.o(.text)
    OTG_HS_WKUP_IRQHandler                   0x080002c7   Thumb Code     0  startup_stm32h743xx.o(.text)
    PVD_AVD_IRQHandler                       0x080002c7   Thumb Code     0  startup_stm32h743xx.o(.text)
    QUADSPI_IRQHandler                       0x080002c7   Thumb Code     0  startup_stm32h743xx.o(.text)
    RCC_IRQHandler                           0x080002c7   Thumb Code     0  startup_stm32h743xx.o(.text)
    RNG_IRQHandler                           0x080002c7   Thumb Code     0  startup_stm32h743xx.o(.text)
    RTC_Alarm_IRQHandler                     0x080002c7   Thumb Code     0  startup_stm32h743xx.o(.text)
    RTC_WKUP_IRQHandler                      0x080002c7   Thumb Code     0  startup_stm32h743xx.o(.text)
    SAI1_IRQHandler                          0x080002c7   Thumb Code     0  startup_stm32h743xx.o(.text)
    SAI2_IRQHandler                          0x080002c7   Thumb Code     0  startup_stm32h743xx.o(.text)
    SAI3_IRQHandler                          0x080002c7   Thumb Code     0  startup_stm32h743xx.o(.text)
    SAI4_IRQHandler                          0x080002c7   Thumb Code     0  startup_stm32h743xx.o(.text)
    SDMMC1_IRQHandler                        0x080002c7   Thumb Code     0  startup_stm32h743xx.o(.text)
    SDMMC2_IRQHandler                        0x080002c7   Thumb Code     0  startup_stm32h743xx.o(.text)
    SPDIF_RX_IRQHandler                      0x080002c7   Thumb Code     0  startup_stm32h743xx.o(.text)
    SPI1_IRQHandler                          0x080002c7   Thumb Code     0  startup_stm32h743xx.o(.text)
    SPI2_IRQHandler                          0x080002c7   Thumb Code     0  startup_stm32h743xx.o(.text)
    SPI3_IRQHandler                          0x080002c7   Thumb Code     0  startup_stm32h743xx.o(.text)
    SPI4_IRQHandler                          0x080002c7   Thumb Code     0  startup_stm32h743xx.o(.text)
    SPI5_IRQHandler                          0x080002c7   Thumb Code     0  startup_stm32h743xx.o(.text)
    SPI6_IRQHandler                          0x080002c7   Thumb Code     0  startup_stm32h743xx.o(.text)
    SWPMI1_IRQHandler                        0x080002c7   Thumb Code     0  startup_stm32h743xx.o(.text)
    TAMP_STAMP_IRQHandler                    0x080002c7   Thumb Code     0  startup_stm32h743xx.o(.text)
    TIM15_IRQHandler                         0x080002c7   Thumb Code     0  startup_stm32h743xx.o(.text)
    TIM16_IRQHandler                         0x080002c7   Thumb Code     0  startup_stm32h743xx.o(.text)
    TIM17_IRQHandler                         0x080002c7   Thumb Code     0  startup_stm32h743xx.o(.text)
    TIM1_BRK_IRQHandler                      0x080002c7   Thumb Code     0  startup_stm32h743xx.o(.text)
    TIM1_CC_IRQHandler                       0x080002c7   Thumb Code     0  startup_stm32h743xx.o(.text)
    TIM1_TRG_COM_IRQHandler                  0x080002c7   Thumb Code     0  startup_stm32h743xx.o(.text)
    TIM1_UP_IRQHandler                       0x080002c7   Thumb Code     0  startup_stm32h743xx.o(.text)
    TIM3_IRQHandler                          0x080002c7   Thumb Code     0  startup_stm32h743xx.o(.text)
    TIM4_IRQHandler                          0x080002c7   Thumb Code     0  startup_stm32h743xx.o(.text)
    TIM5_IRQHandler                          0x080002c7   Thumb Code     0  startup_stm32h743xx.o(.text)
    TIM6_DAC_IRQHandler                      0x080002c7   Thumb Code     0  startup_stm32h743xx.o(.text)
    TIM7_IRQHandler                          0x080002c7   Thumb Code     0  startup_stm32h743xx.o(.text)
    TIM8_BRK_TIM12_IRQHandler                0x080002c7   Thumb Code     0  startup_stm32h743xx.o(.text)
    TIM8_CC_IRQHandler                       0x080002c7   Thumb Code     0  startup_stm32h743xx.o(.text)
    TIM8_TRG_COM_TIM14_IRQHandler            0x080002c7   Thumb Code     0  startup_stm32h743xx.o(.text)
    TIM8_UP_TIM13_IRQHandler                 0x080002c7   Thumb Code     0  startup_stm32h743xx.o(.text)
    UART4_IRQHandler                         0x080002c7   Thumb Code     0  startup_stm32h743xx.o(.text)
    UART5_IRQHandler                         0x080002c7   Thumb Code     0  startup_stm32h743xx.o(.text)
    UART7_IRQHandler                         0x080002c7   Thumb Code     0  startup_stm32h743xx.o(.text)
    UART8_IRQHandler                         0x080002c7   Thumb Code     0  startup_stm32h743xx.o(.text)
    USART2_IRQHandler                        0x080002c7   Thumb Code     0  startup_stm32h743xx.o(.text)
    USART3_IRQHandler                        0x080002c7   Thumb Code     0  startup_stm32h743xx.o(.text)
    USART6_IRQHandler                        0x080002c7   Thumb Code     0  startup_stm32h743xx.o(.text)
    WAKEUP_PIN_IRQHandler                    0x080002c7   Thumb Code     0  startup_stm32h743xx.o(.text)
    WWDG_IRQHandler                          0x080002c7   Thumb Code     0  startup_stm32h743xx.o(.text)
    __aeabi_uldivmod                         0x080002d1   Thumb Code    98  uldiv.o(.text)
    rand                                     0x08000335   Thumb Code    20  rand.o(.text)
    srand                                    0x08000349   Thumb Code     6  rand.o(.text)
    __aeabi_memset                           0x08000359   Thumb Code    14  memseta.o(.text)
    __aeabi_memset4                          0x08000359   Thumb Code     0  memseta.o(.text)
    __aeabi_memset8                          0x08000359   Thumb Code     0  memseta.o(.text)
    __aeabi_memclr                           0x08000367   Thumb Code     4  memseta.o(.text)
    __aeabi_memclr4                          0x08000367   Thumb Code     0  memseta.o(.text)
    __aeabi_memclr8                          0x08000367   Thumb Code     0  memseta.o(.text)
    memset                                   0x0800036b   Thumb Code    18  memseta.o(.text)
    __aeabi_llsl                             0x0800037d   Thumb Code    30  llshl.o(.text)
    _ll_shift_l                              0x0800037d   Thumb Code     0  llshl.o(.text)
    __aeabi_llsr                             0x0800039b   Thumb Code    32  llushr.o(.text)
    _ll_ushift_r                             0x0800039b   Thumb Code     0  llushr.o(.text)
    __scatterload                            0x080003bd   Thumb Code    28  init.o(.text)
    __scatterload_rt2                        0x080003bd   Thumb Code     0  init.o(.text)
    __decompress                             0x080003e1   Thumb Code     0  __dczerorl.o(.text)
    __decompress0                            0x080003e1   Thumb Code    58  __dczerorl.o(.text)
    HardFault_Handler                        0x0800041d   Thumb Code     0  hardfaulthandler.o(OSKERNEL)
    BusFault_Handler                         0x0800042f   Thumb Code     2  stm32h7xx_it.o(i.BusFault_Handler)
    ComToUart                                0x08000431   Thumb Code    56  bsp_uart_fifo.o(i.ComToUart)
    DebugMon_Handler                         0x08000471   Thumb Code     2  stm32h7xx_it.o(i.DebugMon_Handler)
    Error_Handler                            0x08000473   Thumb Code     8  bsp.o(i.Error_Handler)
    FMC_NORSRAM_Extended_Timing_Init         0x0800047d   Thumb Code    66  stm32h7xx_ll_fmc.o(i.FMC_NORSRAM_Extended_Timing_Init)
    FMC_NORSRAM_Init                         0x080004c5   Thumb Code   156  stm32h7xx_ll_fmc.o(i.FMC_NORSRAM_Init)
    FMC_NORSRAM_Timing_Init                  0x08000565   Thumb Code   106  stm32h7xx_ll_fmc.o(i.FMC_NORSRAM_Timing_Init)
    HAL_EnableCompensationCell               0x080005d5   Thumb Code    12  stm32h7xx_hal.o(i.HAL_EnableCompensationCell)
    HAL_GPIO_Init                            0x080005e5   Thumb Code   582  stm32h7xx_hal_gpio.o(i.HAL_GPIO_Init)
    HAL_GetTick                              0x08000835   Thumb Code     6  stm32h7xx_hal.o(i.HAL_GetTick)
    HAL_IncTick                              0x08000841   Thumb Code    12  stm32h7xx_hal.o(i.HAL_IncTick)
    HAL_Init                                 0x08000851   Thumb Code    30  stm32h7xx_hal.o(i.HAL_Init)
    HAL_InitTick                             0x08000871   Thumb Code    54  stm32h7xx_hal.o(i.HAL_InitTick)
    HAL_MPU_ConfigRegion                     0x080008b1   Thumb Code    92  stm32h7xx_hal_cortex.o(i.HAL_MPU_ConfigRegion)
    HAL_MPU_Disable                          0x08000911   Thumb Code    22  stm32h7xx_hal_cortex.o(i.HAL_MPU_Disable)
    HAL_MPU_Enable                           0x08000931   Thumb Code    28  stm32h7xx_hal_cortex.o(i.HAL_MPU_Enable)
    HAL_MspInit                              0x08000955   Thumb Code     2  stm32h7xx_hal.o(i.HAL_MspInit)
    HAL_NVIC_EnableIRQ                       0x08000957   Thumb Code    30  stm32h7xx_hal_cortex.o(i.HAL_NVIC_EnableIRQ)
    HAL_NVIC_SetPriority                     0x08000975   Thumb Code    92  stm32h7xx_hal_cortex.o(i.HAL_NVIC_SetPriority)
    HAL_NVIC_SetPriorityGrouping             0x080009d5   Thumb Code    30  stm32h7xx_hal_cortex.o(i.HAL_NVIC_SetPriorityGrouping)
    HAL_RCCEx_GetD1SysClockFreq              0x080009f9   Thumb Code    40  stm32h7xx_hal_rcc_ex.o(i.HAL_RCCEx_GetD1SysClockFreq)
    HAL_RCCEx_GetD3PCLK1Freq                 0x08000a2d   Thumb Code    34  stm32h7xx_hal_rcc_ex.o(i.HAL_RCCEx_GetD3PCLK1Freq)
    HAL_RCCEx_GetPLL2ClockFreq               0x08000a59   Thumb Code   346  stm32h7xx_hal_rcc_ex.o(i.HAL_RCCEx_GetPLL2ClockFreq)
    HAL_RCCEx_GetPLL3ClockFreq               0x08000bd1   Thumb Code   346  stm32h7xx_hal_rcc_ex.o(i.HAL_RCCEx_GetPLL3ClockFreq)
    HAL_RCCEx_PeriphCLKConfig                0x08000d49   Thumb Code  2400  stm32h7xx_hal_rcc_ex.o(i.HAL_RCCEx_PeriphCLKConfig)
    HAL_RCC_ClockConfig                      0x080016b1   Thumb Code   484  stm32h7xx_hal_rcc.o(i.HAL_RCC_ClockConfig)
    HAL_RCC_GetHCLKFreq                      0x080018b5   Thumb Code    38  stm32h7xx_hal_rcc.o(i.HAL_RCC_GetHCLKFreq)
    HAL_RCC_GetPCLK1Freq                     0x080018e9   Thumb Code    66  stm32h7xx_hal_rcc.o(i.HAL_RCC_GetPCLK1Freq)
    HAL_RCC_GetPCLK2Freq                     0x0800193d   Thumb Code    66  stm32h7xx_hal_rcc.o(i.HAL_RCC_GetPCLK2Freq)
    HAL_RCC_GetSysClockFreq                  0x08001991   Thumb Code   388  stm32h7xx_hal_rcc.o(i.HAL_RCC_GetSysClockFreq)
    HAL_RCC_OscConfig                        0x08001b31   Thumb Code  1456  stm32h7xx_hal_rcc.o(i.HAL_RCC_OscConfig)
    HAL_SRAM_Init                            0x080020e9   Thumb Code    96  stm32h7xx_hal_sram.o(i.HAL_SRAM_Init)
    HAL_SRAM_MspInit                         0x0800214d   Thumb Code     2  stm32h7xx_hal_sram.o(i.HAL_SRAM_MspInit)
    HAL_SYSTICK_Config                       0x08002151   Thumb Code    36  stm32h7xx_hal_cortex.o(i.HAL_SYSTICK_Config)
    HAL_TIM_Base_Init                        0x08002179   Thumb Code    54  stm32h7xx_hal_tim.o(i.HAL_TIM_Base_Init)
    HAL_TIM_Base_MspInit                     0x080021af   Thumb Code     2  stm32h7xx_hal_tim.o(i.HAL_TIM_Base_MspInit)
    HAL_TIM_Base_Start                       0x080021b1   Thumb Code    26  stm32h7xx_hal_tim.o(i.HAL_TIM_Base_Start)
    HAL_UART_Init                            0x080021cb   Thumb Code   110  stm32h7xx_hal_uart.o(i.HAL_UART_Init)
    HAL_UART_MspInit                         0x08002239   Thumb Code     2  stm32h7xx_hal_uart.o(i.HAL_UART_MspInit)
    HC574_GetPin                             0x0800223d   Thumb Code    12  bsp_fmc_io.o(i.HC574_GetPin)
    HC574_SetPin                             0x0800224d   Thumb Code    24  bsp_fmc_io.o(i.HC574_SetPin)
    HardFaultHandler                         0x0800226d   Thumb Code   176  segger_hardfaulthandler.o(i.HardFaultHandler)
    MemManage_Handler                        0x08002415   Thumb Code     2  stm32h7xx_it.o(i.MemManage_Handler)
    NMI_Handler                              0x08002417   Thumb Code     2  stm32h7xx_it.o(i.NMI_Handler)
    PendSV_Handler                           0x08002419   Thumb Code     2  stm32h7xx_it.o(i.PendSV_Handler)
    SVC_Handler                              0x08002665   Thumb Code     2  stm32h7xx_it.o(i.SVC_Handler)
    SysTick_Handler                          0x08002669   Thumb Code    24  bsp_timer.o(i.SysTick_Handler)
    SysTick_ISR                              0x08002685   Thumb Code   188  bsp_timer.o(i.SysTick_ISR)
    SystemInit                               0x08002749   Thumb Code   136  system_stm32h7xx.o(i.SystemInit)
    TIM2_IRQHandler                          0x080027f5   Thumb Code   156  bsp_timer.o(i.TIM2_IRQHandler)
    TIM_Base_SetConfig                       0x08002895   Thumb Code   164  stm32h7xx_hal_tim.o(i.TIM_Base_SetConfig)
    UART_AdvFeatureConfig                    0x08002b65   Thumb Code   218  stm32h7xx_hal_uart.o(i.UART_AdvFeatureConfig)
    UART_CheckIdleState                      0x08002c3f   Thumb Code    96  stm32h7xx_hal_uart.o(i.UART_CheckIdleState)
    UART_SetConfig                           0x08002ca1   Thumb Code  1716  stm32h7xx_hal_uart.o(i.UART_SetConfig)
    UART_WaitOnFlagUntilTimeout              0x08003359   Thumb Code   118  stm32h7xx_hal_uart.o(i.UART_WaitOnFlagUntilTimeout)
    USART1_IRQHandler                        0x080033d1   Thumb Code   340  bsp_uart_fifo.o(i.USART1_IRQHandler)
    UsageFault_Handler                       0x08003529   Thumb Code     2  stm32h7xx_it.o(i.UsageFault_Handler)
    __0printf$8                              0x0800352d   Thumb Code    22  printf8.o(i.__0printf$8)
    __1printf$8                              0x0800352d   Thumb Code     0  printf8.o(i.__0printf$8)
    __2printf                                0x0800352d   Thumb Code     0  printf8.o(i.__0printf$8)
    __lzo_init_v2                            0x0800354d   Thumb Code   142  minilzo.o(i.__lzo_init_v2)
    __scatterload_copy                       0x080035db   Thumb Code    14  handlers.o(i.__scatterload_copy)
    __scatterload_null                       0x080035e9   Thumb Code     2  handlers.o(i.__scatterload_null)
    __scatterload_zeroinit                   0x080035eb   Thumb Code    14  handlers.o(i.__scatterload_zeroinit)
    _lzo_config_check                        0x080035f9   Thumb Code   286  minilzo.o(i._lzo_config_check)
    bsp_CheckTimer                           0x08003b81   Thumb Code    32  bsp_timer.o(i.bsp_CheckTimer)
    bsp_GetKey                               0x08003ba5   Thumb Code    32  bsp_key.o(i.bsp_GetKey)
    bsp_Idle                                 0x08003bc9   Thumb Code     2  bsp.o(i.bsp_Idle)
    bsp_Init                                 0x08003bcd   Thumb Code   436  bsp.o(i.bsp_Init)
    bsp_InitDWT                              0x08003da1   Thumb Code    26  bsp_dwt.o(i.bsp_InitDWT)
    bsp_InitExtIO                            0x08003dc5   Thumb Code   286  bsp_fmc_io.o(i.bsp_InitExtIO)
    bsp_InitHardTimer                        0x08003f31   Thumb Code   140  bsp_timer.o(i.bsp_InitHardTimer)
    bsp_InitKey                              0x08003fe9   Thumb Code   256  bsp_key.o(i.bsp_InitKey)
    bsp_InitLed                              0x080040f9   Thumb Code    38  bsp_led.o(i.bsp_InitLed)
    bsp_InitTimer                            0x08004121   Thumb Code    90  bsp_timer.o(i.bsp_InitTimer)
    bsp_InitUart                             0x0800418d   Thumb Code   308  bsp_uart_fifo.o(i.bsp_InitUart)
    bsp_KeyScan10ms                          0x080042dd   Thumb Code   258  bsp_key.o(i.bsp_KeyScan10ms)
    bsp_LedToggle                            0x080043e5   Thumb Code    74  bsp_led.o(i.bsp_LedToggle)
    bsp_RunPer10ms                           0x0800442f   Thumb Code     4  bsp.o(i.bsp_RunPer10ms)
    bsp_RunPer1ms                            0x08004433   Thumb Code     2  bsp.o(i.bsp_RunPer1ms)
    bsp_SetUartParam                         0x08004435   Thumb Code    84  bsp_uart_fifo.o(i.bsp_SetUartParam)
    bsp_StartAutoTimer                       0x080044ad   Thumb Code    54  bsp_timer.o(i.bsp_StartAutoTimer)
    comSendBuf                               0x0800452d   Thumb Code   158  bsp_uart_fifo.o(i.comSendBuf)
    fputc                                    0x080045cb   Thumb Code    22  bsp_uart_fifo.o(i.fputc)
    lzo1x_1_compress                         0x080045e1   Thumb Code  1282  minilzo.o(i.lzo1x_1_compress)
    lzo1x_decompress                         0x08004ae5   Thumb Code  1042  minilzo.o(i.lzo1x_decompress)
    lzo_memset                               0x08004ef7   Thumb Code     4  minilzo.o(i.lzo_memset)
    main                                     0x08004efd   Thumb Code   406  main.o(i.main)
    D1CorePrescTable                         0x08005338   Data          16  system_stm32h7xx.o(.constdata)
    Region$$Table$$Base                      0x080053e4   Number         0  anon$$obj.o(Region$$Table)
    Region$$Table$$Limit                     0x08005434   Number         0  anon$$obj.o(Region$$Table)
    g_iRunTime                               0x20000008   Data           4  bsp_timer.o(.data)
    g_HC574                                  0x2000001c   Data           4  bsp_fmc_io.o(.data)
    SystemCoreClock                          0x2000002c   Data           4  system_stm32h7xx.o(.data)
    SystemD2Clock                            0x20000030   Data           4  system_stm32h7xx.o(.data)
    __stdout                                 0x2000003c   Data           4  stdout.o(.data)
    __initial_sp                             0x2001bed8   Data           0  startup_stm32h743xx.o(STACK)
    TempValues1                              0x24000000   Data           2  main.o(.RAM_D1)
    InTempData                               0x24000002   Data       20480  main.o(.RAM_D1)
    TempValues2                              0x30000000   Data           2  main.o(.RAM_D2)
    TempValues3                              0x38000000   Data           2  main.o(.RAM_D3)



==============================================================================

Memory Map of the image

  Image Entry point : 0x08000299

  Load Region LR_IROM1 (Base: 0x08000000, Size: 0x0000a480, Max: 0x00200000, ABSOLUTE, COMPRESSED[0x00005520])

    Execution Region ER_IROM1 (Exec base: 0x08000000, Load base: 0x08000000, Size: 0x00005434, Max: 0x00200000, ABSOLUTE)

    Exec Addr    Load Addr    Size         Type   Attr      Idx    E Section Name        Object

    0x08000000   0x08000000   0x00000298   Data   RO         1180    RESET               startup_stm32h743xx.o
    0x08000298   0x08000298   0x00000000   Code   RO         3963  * .ARM.Collect$$$$00000000  mc_w.l(entry.o)
    0x08000298   0x08000298   0x00000004   Code   RO         4250    .ARM.Collect$$$$00000001  mc_w.l(entry2.o)
    0x0800029c   0x0800029c   0x00000004   Code   RO         4253    .ARM.Collect$$$$00000004  mc_w.l(entry5.o)
    0x080002a0   0x080002a0   0x00000000   Code   RO         4255    .ARM.Collect$$$$00000008  mc_w.l(entry7b.o)
    0x080002a0   0x080002a0   0x00000000   Code   RO         4257    .ARM.Collect$$$$0000000A  mc_w.l(entry8b.o)
    0x080002a0   0x080002a0   0x00000008   Code   RO         4258    .ARM.Collect$$$$0000000B  mc_w.l(entry9a.o)
    0x080002a8   0x080002a8   0x00000000   Code   RO         4260    .ARM.Collect$$$$0000000D  mc_w.l(entry10a.o)
    0x080002a8   0x080002a8   0x00000000   Code   RO         4262    .ARM.Collect$$$$0000000F  mc_w.l(entry11a.o)
    0x080002a8   0x080002a8   0x00000004   Code   RO         4251    .ARM.Collect$$$$00002712  mc_w.l(entry2.o)
    0x080002ac   0x080002ac   0x00000024   Code   RO         1181    .text               startup_stm32h743xx.o
    0x080002d0   0x080002d0   0x00000062   Code   RO         3966    .text               mc_w.l(uldiv.o)
    0x08000332   0x08000332   0x00000002   PAD
    0x08000334   0x08000334   0x00000024   Code   RO         3970    .text               mc_w.l(rand.o)
    0x08000358   0x08000358   0x00000024   Code   RO         3979    .text               mc_w.l(memseta.o)
    0x0800037c   0x0800037c   0x0000001e   Code   RO         4267    .text               mc_w.l(llshl.o)
    0x0800039a   0x0800039a   0x00000020   Code   RO         4269    .text               mc_w.l(llushr.o)
    0x080003ba   0x080003ba   0x00000002   PAD
    0x080003bc   0x080003bc   0x00000024   Code   RO         4282    .text               mc_w.l(init.o)
    0x080003e0   0x080003e0   0x0000003a   Code   RO         4296    .text               mc_w.l(__dczerorl.o)
    0x0800041a   0x0800041a   0x00000002   PAD
    0x0800041c   0x0800041c   0x00000012   Code   RO         3806    OSKERNEL            hardfaulthandler.o
    0x0800042e   0x0800042e   0x00000002   Code   RO         1053    i.BusFault_Handler  stm32h7xx_it.o
    0x08000430   0x08000430   0x00000040   Code   RO          806    i.ComToUart         bsp_uart_fifo.o
    0x08000470   0x08000470   0x00000002   Code   RO         1054    i.DebugMon_Handler  stm32h7xx_it.o
    0x08000472   0x08000472   0x00000008   Code   RO          373    i.Error_Handler     bsp.o
    0x0800047a   0x0800047a   0x00000002   PAD
    0x0800047c   0x0800047c   0x00000048   Code   RO         2993    i.FMC_NORSRAM_Extended_Timing_Init  stm32h7xx_ll_fmc.o
    0x080004c4   0x080004c4   0x000000a0   Code   RO         2994    i.FMC_NORSRAM_Init  stm32h7xx_ll_fmc.o
    0x08000564   0x08000564   0x00000070   Code   RO         2995    i.FMC_NORSRAM_Timing_Init  stm32h7xx_ll_fmc.o
    0x080005d4   0x080005d4   0x00000010   Code   RO         1204    i.HAL_EnableCompensationCell  stm32h7xx_hal.o
    0x080005e4   0x080005e4   0x00000250   Code   RO         1737    i.HAL_GPIO_Init     stm32h7xx_hal_gpio.o
    0x08000834   0x08000834   0x0000000c   Code   RO         1211    i.HAL_GetTick       stm32h7xx_hal.o
    0x08000840   0x08000840   0x00000010   Code   RO         1214    i.HAL_IncTick       stm32h7xx_hal.o
    0x08000850   0x08000850   0x0000001e   Code   RO         1215    i.HAL_Init          stm32h7xx_hal.o
    0x0800086e   0x0800086e   0x00000002   PAD
    0x08000870   0x08000870   0x00000040   Code   RO         1216    i.HAL_InitTick      stm32h7xx_hal.o
    0x080008b0   0x080008b0   0x00000060   Code   RO         1503    i.HAL_MPU_ConfigRegion  stm32h7xx_hal_cortex.o
    0x08000910   0x08000910   0x00000020   Code   RO         1504    i.HAL_MPU_Disable   stm32h7xx_hal_cortex.o
    0x08000930   0x08000930   0x00000024   Code   RO         1505    i.HAL_MPU_Enable    stm32h7xx_hal_cortex.o
    0x08000954   0x08000954   0x00000002   Code   RO         1218    i.HAL_MspInit       stm32h7xx_hal.o
    0x08000956   0x08000956   0x0000001e   Code   RO         1508    i.HAL_NVIC_EnableIRQ  stm32h7xx_hal_cortex.o
    0x08000974   0x08000974   0x00000060   Code   RO         1514    i.HAL_NVIC_SetPriority  stm32h7xx_hal_cortex.o
    0x080009d4   0x080009d4   0x00000024   Code   RO         1515    i.HAL_NVIC_SetPriorityGrouping  stm32h7xx_hal_cortex.o
    0x080009f8   0x080009f8   0x00000034   Code   RO         1812    i.HAL_RCCEx_GetD1SysClockFreq  stm32h7xx_hal_rcc_ex.o
    0x08000a2c   0x08000a2c   0x0000002c   Code   RO         1813    i.HAL_RCCEx_GetD3PCLK1Freq  stm32h7xx_hal_rcc_ex.o
    0x08000a58   0x08000a58   0x00000178   Code   RO         1815    i.HAL_RCCEx_GetPLL2ClockFreq  stm32h7xx_hal_rcc_ex.o
    0x08000bd0   0x08000bd0   0x00000178   Code   RO         1816    i.HAL_RCCEx_GetPLL3ClockFreq  stm32h7xx_hal_rcc_ex.o
    0x08000d48   0x08000d48   0x00000968   Code   RO         1820    i.HAL_RCCEx_PeriphCLKConfig  stm32h7xx_hal_rcc_ex.o
    0x080016b0   0x080016b0   0x00000204   Code   RO         1639    i.HAL_RCC_ClockConfig  stm32h7xx_hal_rcc.o
    0x080018b4   0x080018b4   0x00000034   Code   RO         1643    i.HAL_RCC_GetHCLKFreq  stm32h7xx_hal_rcc.o
    0x080018e8   0x080018e8   0x00000054   Code   RO         1645    i.HAL_RCC_GetPCLK1Freq  stm32h7xx_hal_rcc.o
    0x0800193c   0x0800193c   0x00000054   Code   RO         1646    i.HAL_RCC_GetPCLK2Freq  stm32h7xx_hal_rcc.o
    0x08001990   0x08001990   0x000001a0   Code   RO         1647    i.HAL_RCC_GetSysClockFreq  stm32h7xx_hal_rcc.o
    0x08001b30   0x08001b30   0x000005b8   Code   RO         1650    i.HAL_RCC_OscConfig  stm32h7xx_hal_rcc.o
    0x080020e8   0x080020e8   0x00000064   Code   RO         3523    i.HAL_SRAM_Init     stm32h7xx_hal_sram.o
    0x0800214c   0x0800214c   0x00000002   Code   RO         3525    i.HAL_SRAM_MspInit  stm32h7xx_hal_sram.o
    0x0800214e   0x0800214e   0x00000002   PAD
    0x08002150   0x08002150   0x00000028   Code   RO         1519    i.HAL_SYSTICK_Config  stm32h7xx_hal_cortex.o
    0x08002178   0x08002178   0x00000036   Code   RO         2125    i.HAL_TIM_Base_Init  stm32h7xx_hal_tim.o
    0x080021ae   0x080021ae   0x00000002   Code   RO         2127    i.HAL_TIM_Base_MspInit  stm32h7xx_hal_tim.o
    0x080021b0   0x080021b0   0x0000001a   Code   RO         2128    i.HAL_TIM_Base_Start  stm32h7xx_hal_tim.o
    0x080021ca   0x080021ca   0x0000006e   Code   RO         3161    i.HAL_UART_Init     stm32h7xx_hal_uart.o
    0x08002238   0x08002238   0x00000002   Code   RO         3163    i.HAL_UART_MspInit  stm32h7xx_hal_uart.o
    0x0800223a   0x0800223a   0x00000002   PAD
    0x0800223c   0x0800223c   0x00000010   Code   RO          751    i.HC574_GetPin      bsp_fmc_io.o
    0x0800224c   0x0800224c   0x00000020   Code   RO          752    i.HC574_SetPin      bsp_fmc_io.o
    0x0800226c   0x0800226c   0x000000f8   Code   RO         3812    i.HardFaultHandler  segger_hardfaulthandler.o
    0x08002364   0x08002364   0x000000b0   Code   RO          497    i.IsKeyDownFunc     bsp_key.o
    0x08002414   0x08002414   0x00000002   Code   RO         1055    i.MemManage_Handler  stm32h7xx_it.o
    0x08002416   0x08002416   0x00000002   Code   RO         1056    i.NMI_Handler       stm32h7xx_it.o
    0x08002418   0x08002418   0x00000002   Code   RO         1057    i.PendSV_Handler    stm32h7xx_it.o
    0x0800241a   0x0800241a   0x00000002   PAD
    0x0800241c   0x0800241c   0x00000124   Code   RO         1823    i.RCCEx_PLL2_Config  stm32h7xx_hal_rcc_ex.o
    0x08002540   0x08002540   0x00000124   Code   RO         1824    i.RCCEx_PLL3_Config  stm32h7xx_hal_rcc_ex.o
    0x08002664   0x08002664   0x00000002   Code   RO         1058    i.SVC_Handler       stm32h7xx_it.o
    0x08002666   0x08002666   0x00000002   PAD
    0x08002668   0x08002668   0x0000001c   Code   RO          576    i.SysTick_Handler   bsp_timer.o
    0x08002684   0x08002684   0x000000c4   Code   RO          577    i.SysTick_ISR       bsp_timer.o
    0x08002748   0x08002748   0x000000ac   Code   RO         3772    i.SystemInit        system_stm32h7xx.o
    0x080027f4   0x080027f4   0x000000a0   Code   RO          578    i.TIM2_IRQHandler   bsp_timer.o
    0x08002894   0x08002894   0x000000c4   Code   RO         2209    i.TIM_Base_SetConfig  stm32h7xx_hal_tim.o
    0x08002958   0x08002958   0x0000020c   Code   RO            4    i.TestMiniLZO       main.o
    0x08002b64   0x08002b64   0x000000da   Code   RO         3174    i.UART_AdvFeatureConfig  stm32h7xx_hal_uart.o
    0x08002c3e   0x08002c3e   0x00000060   Code   RO         3175    i.UART_CheckIdleState  stm32h7xx_hal_uart.o
    0x08002c9e   0x08002c9e   0x00000002   PAD
    0x08002ca0   0x08002ca0   0x000006b8   Code   RO         3186    i.UART_SetConfig    stm32h7xx_hal_uart.o
    0x08003358   0x08003358   0x00000076   Code   RO         3187    i.UART_WaitOnFlagUntilTimeout  stm32h7xx_hal_uart.o
    0x080033ce   0x080033ce   0x00000002   PAD
    0x080033d0   0x080033d0   0x00000158   Code   RO          814    i.USART1_IRQHandler  bsp_uart_fifo.o
    0x08003528   0x08003528   0x00000002   Code   RO         1059    i.UsageFault_Handler  stm32h7xx_it.o
    0x0800352a   0x0800352a   0x00000002   PAD
    0x0800352c   0x0800352c   0x00000020   Code   RO         4196    i.__0printf$8       mc_w.l(printf8.o)
    0x0800354c   0x0800354c   0x0000008e   Code   RO         3837    i.__lzo_init_v2     minilzo.o
    0x080035da   0x080035da   0x0000000e   Code   RO         4290    i.__scatterload_copy  mc_w.l(handlers.o)
    0x080035e8   0x080035e8   0x00000002   Code   RO         4291    i.__scatterload_null  mc_w.l(handlers.o)
    0x080035ea   0x080035ea   0x0000000e   Code   RO         4292    i.__scatterload_zeroinit  mc_w.l(handlers.o)
    0x080035f8   0x080035f8   0x00000124   Code   RO         3839    i._lzo_config_check  minilzo.o
    0x0800371c   0x0800371c   0x00000410   Code   RO         4203    i._printf_core      mc_w.l(printf8.o)
    0x08003b2c   0x08003b2c   0x00000024   Code   RO         4204    i._printf_post_padding  mc_w.l(printf8.o)
    0x08003b50   0x08003b50   0x0000002e   Code   RO         4205    i._printf_pre_padding  mc_w.l(printf8.o)
    0x08003b7e   0x08003b7e   0x00000002   PAD
    0x08003b80   0x08003b80   0x00000024   Code   RO          580    i.bsp_CheckTimer    bsp_timer.o
    0x08003ba4   0x08003ba4   0x00000024   Code   RO          499    i.bsp_GetKey        bsp_key.o
    0x08003bc8   0x08003bc8   0x00000002   Code   RO          374    i.bsp_Idle          bsp.o
    0x08003bca   0x08003bca   0x00000002   PAD
    0x08003bcc   0x08003bcc   0x000001d4   Code   RO          375    i.bsp_Init          bsp.o
    0x08003da0   0x08003da0   0x00000024   Code   RO          473    i.bsp_InitDWT       bsp_dwt.o
    0x08003dc4   0x08003dc4   0x0000016c   Code   RO          754    i.bsp_InitExtIO     bsp_fmc_io.o
    0x08003f30   0x08003f30   0x000000b8   Code   RO          584    i.bsp_InitHardTimer  bsp_timer.o
    0x08003fe8   0x08003fe8   0x00000110   Code   RO          502    i.bsp_InitKey       bsp_key.o
    0x080040f8   0x080040f8   0x00000026   Code   RO          425    i.bsp_InitLed       bsp_led.o
    0x0800411e   0x0800411e   0x00000002   PAD
    0x08004120   0x08004120   0x0000006c   Code   RO          585    i.bsp_InitTimer     bsp_timer.o
    0x0800418c   0x0800418c   0x00000150   Code   RO          816    i.bsp_InitUart      bsp_uart_fifo.o
    0x080042dc   0x080042dc   0x00000108   Code   RO          503    i.bsp_KeyScan10ms   bsp_key.o
    0x080043e4   0x080043e4   0x0000004a   Code   RO          429    i.bsp_LedToggle     bsp_led.o
    0x0800442e   0x0800442e   0x00000004   Code   RO          376    i.bsp_RunPer10ms    bsp.o
    0x08004432   0x08004432   0x00000002   Code   RO          377    i.bsp_RunPer1ms     bsp.o
    0x08004434   0x08004434   0x00000078   Code   RO          817    i.bsp_SetUartParam  bsp_uart_fifo.o
    0x080044ac   0x080044ac   0x00000080   Code   RO          586    i.bsp_StartAutoTimer  bsp_timer.o
    0x0800452c   0x0800452c   0x0000009e   Code   RO          821    i.comSendBuf        bsp_uart_fifo.o
    0x080045ca   0x080045ca   0x00000016   Code   RO          825    i.fputc             bsp_uart_fifo.o
    0x080045e0   0x080045e0   0x00000502   Code   RO         3842    i.lzo1x_1_compress  minilzo.o
    0x08004ae2   0x08004ae2   0x00000002   PAD
    0x08004ae4   0x08004ae4   0x00000412   Code   RO         3843    i.lzo1x_decompress  minilzo.o
    0x08004ef6   0x08004ef6   0x00000004   Code   RO         3850    i.lzo_memset        minilzo.o
    0x08004efa   0x08004efa   0x00000002   PAD
    0x08004efc   0x08004efc   0x000003b4   Code   RO            5    i.main              main.o
    0x080052b0   0x080052b0   0x00000040   Data   RO          508    .constdata          bsp_key.o
    0x080052f0   0x080052f0   0x00000030   Data   RO          591    .constdata          bsp_timer.o
    0x08005320   0x08005320   0x00000018   Data   RO         3188    .constdata          stm32h7xx_hal_uart.o
    0x08005338   0x08005338   0x00000010   Data   RO         3773    .constdata          system_stm32h7xx.o
    0x08005348   0x08005348   0x0000009a   Data   RO           10    .conststring        main.o
    0x080053e2   0x080053e2   0x00000002   PAD
    0x080053e4   0x080053e4   0x00000050   Data   RO         4288    Region$$Table       anon$$obj.o


    Execution Region RW_IRAM1 (Exec base: 0x20000000, Load base: 0x08005434, Size: 0x0001bed8, Max: 0x00020000, ABSOLUTE)

    Exec Addr    Load Addr    Size         Type   Attr      Idx    E Section Name        Object

    0x20000000   0x08005434   0x0000001c   Data   RW          592    .data               bsp_timer.o
    0x2000001c   0x08005450   0x00000004   Data   RW          756    .data               bsp_fmc_io.o
    0x20000020   0x08005454   0x0000000c   Data   RW         1237    .data               stm32h7xx_hal.o
    0x2000002c   0x08005460   0x00000004   Data   RW         3774    .data               system_stm32h7xx.o
    0x20000030   0x08005464   0x00000004   Data   RW         3775    .data               system_stm32h7xx.o
    0x20000034   0x08005468   0x00000004   Data   RW         3814    .data               segger_hardfaulthandler.o
    0x20000038   0x0800546c   0x00000004   Data   RW         3971    .data               mc_w.l(rand.o)
    0x2000003c   0x08005470   0x00000004   Data   RW         4264    .data               mc_w.l(stdout.o)
    0x20000040        -       0x0001a548   Zero   RW            9    .bss                main.o
    0x2001a588        -       0x000000ad   Zero   RW          507    .bss                bsp_key.o
    0x2001a635   0x08005474   0x00000003   PAD
    0x2001a638        -       0x00000030   Zero   RW          590    .bss                bsp_timer.o
    0x2001a668        -       0x0000082c   Zero   RW          826    .bss                bsp_uart_fifo.o
    0x2001ae94        -       0x00000040   Zero   RW         3813    .bss                segger_hardfaulthandler.o
    0x2001aed4   0x08005474   0x00000004   PAD
    0x2001aed8        -       0x00001000   Zero   RW         1178    STACK               startup_stm32h743xx.o


    Execution Region RW_IRAM2 (Exec base: 0x24000000, Load base: 0x08005474, Size: 0x00005004, Max: 0x00080000, ABSOLUTE, COMPRESSED[0x000000a4])

    Exec Addr    Load Addr    Size         Type   Attr      Idx    E Section Name        Object

    0x24000000   COMPRESSED   0x00005002   Data   RW            6    .RAM_D1             main.o


    Execution Region RW_IRAM3 (Exec base: 0x30000000, Load base: 0x08005518, Size: 0x00000004, Max: 0x00048000, ABSOLUTE)

    Exec Addr    Load Addr    Size         Type   Attr      Idx    E Section Name        Object

    0x30000000   0x08005518   0x00000002   Data   RW            7    .RAM_D2             main.o


    Execution Region RW_IRAM4 (Exec base: 0x38000000, Load base: 0x0800551c, Size: 0x00000004, Max: 0x00010000, ABSOLUTE)

    Exec Addr    Load Addr    Size         Type   Attr      Idx    E Section Name        Object

    0x38000000   0x0800551c   0x00000002   Data   RW            8    .RAM_D3             main.o


==============================================================================

Image component sizes


      Code (inc. data)   RO Data    RW Data    ZI Data      Debug   Object Name

       484         32          0          0          0      40118   bsp.o
        36         10          0          0          0        586   bsp_dwt.o
       412         90          0          4          0       3364   bsp_fmc_io.o
       748         30         64          0        173       6250   bsp_key.o
       112          0          0          0          0       1943   bsp_led.o
       840        156         48         28         48      49843   bsp_timer.o
      1044         76          0          0       2092      10405   bsp_uart_fifo.o
        18          0          0          0          0        392   hardfaulthandler.o
      1472        782        154      20486     107848    1249766   main.o
      2762         16          0          0          0      30232   minilzo.o
       248         72          0          4         64       3847   segger_hardfaulthandler.o
        36          8        664          0       4096       1008   startup_stm32h743xx.o
       140         24          0         12          0       5353   stm32h7xx_hal.o
       366         36          0          0          0      42349   stm32h7xx_hal_cortex.o
       592         10          0          0          0       2168   stm32h7xx_hal_gpio.o
      2616        146          0          0          0       7604   stm32h7xx_hal_rcc.o
      3840        184          0          0          0       9367   stm32h7xx_hal_rcc_ex.o
       102          4          0          0          0       2131   stm32h7xx_hal_sram.o
       278         32          0          0          0       5439   stm32h7xx_hal_tim.o
      2264         78         24          0          0      28562   stm32h7xx_hal_uart.o
        14          0          0          0          0       4044   stm32h7xx_it.o
       344         16          0          0          0       3416   stm32h7xx_ll_fmc.o
       172         36         16          8          0       1910   system_stm32h7xx.o

    ----------------------------------------------------------------------
     18966       1838       1052      20548     114328    1510097   Object Totals
         0          0         80          0          0          0   (incl. Generated)
        26          0          2          6          7          0   (incl. Padding)

    ----------------------------------------------------------------------

      Code (inc. data)   RO Data    RW Data    ZI Data      Debug   Library Member Name

        58          0          0          0          0          0   __dczerorl.o
         0          0          0          0          0          0   entry.o
         0          0          0          0          0          0   entry10a.o
         0          0          0          0          0          0   entry11a.o
         8          4          0          0          0          0   entry2.o
         4          0          0          0          0          0   entry5.o
         0          0          0          0          0          0   entry7b.o
         0          0          0          0          0          0   entry8b.o
         8          4          0          0          0          0   entry9a.o
        30          0          0          0          0          0   handlers.o
        36          8          0          0          0         68   init.o
        30          0          0          0          0         68   llshl.o
        32          0          0          0          0         68   llushr.o
        36          0          0          0          0        108   memseta.o
      1154         54          0          0          0        352   printf8.o
        36         10          0          4          0        136   rand.o
         0          0          0          4          0          0   stdout.o
        98          0          0          0          0         92   uldiv.o

    ----------------------------------------------------------------------
      1538         80          0          8          0        892   Library Totals
         8          0          0          0          0          0   (incl. Padding)

    ----------------------------------------------------------------------

      Code (inc. data)   RO Data    RW Data    ZI Data      Debug   Library Name

      1530         80          0          8          0        892   mc_w.l

    ----------------------------------------------------------------------
      1538         80          0          8          0        892   Library Totals

    ----------------------------------------------------------------------

==============================================================================


      Code (inc. data)   RO Data    RW Data    ZI Data      Debug   

     20504       1918       1052      20556     114328    1503061   Grand Totals
     20504       1918       1052        236     114328    1503061   ELF Image Totals (compressed)
     20504       1918       1052        236          0          0   ROM Totals

==============================================================================

    Total RO  Size (Code + RO Data)                21556 (  21.05kB)
    Total RW  Size (RW Data + ZI Data)            134884 ( 131.72kB)
    Total ROM Size (Code + RO Data + RW Data)      21792 (  21.28kB)

==============================================================================

