<html>
<body>
<pre>
<h1>礦ision Build Log</h1>
<h2>Tool Versions:</h2>
IDE-Version: μVision V5.27.0.0
Copyright (C) 2018 ARM Ltd and ARM Germany GmbH. All rights reserved.
License Information: ASD ASD, ASD, LIC=W9663-A1QZ7-9YEVW-QPLV6-USX4G-PUY7Z
 
Tool Versions:
Toolchain:       MDK-ARM Professional  Version: 5.27.0.0
Toolchain Path:  D:\Keil_v5\ARM\ARMCC\Bin
C Compiler:      Armcc.exe V5.06 update 6 (build 750)
Assembler:       Armasm.exe V5.06 update 6 (build 750)
Linker/Locator:  ArmLink.exe V5.06 update 6 (build 750)
Library Manager: ArmAr.exe V5.06 update 6 (build 750)
Hex Converter:   FromElf.exe V5.06 update 6 (build 750)
CPU DLL:         SARMCM3.DLL V5.27.0.0
Dialog DLL:      DCM.DLL V1.17.2.0
Target DLL:      Segger\JL2CM3.dll V2.99.34.0
Dialog DLL:      TCM.DLL V1.36.1.0
 
<h2>Project:</h2>
C:\Users\HSP\Downloads\基于H7的无损压缩算法miniLZO的移植和使用\基于H7的无损压缩算法miniLZO的移植和使用\Project\MDK-ARM(AC5)\project.uvprojx
Project File Date:  08/13/2019

<h2>Output:</h2>
*** Using Compiler 'V5.06 update 6 (build 750)', folder: 'D:\Keil_v5\ARM\ARMCC\Bin'
Build target 'Flash'
compiling bsp_led.c...
compiling bsp_dwt.c...
compiling bsp.c...
compiling bsp_timer.c...
compiling bsp_beep.c...
compiling bsp_key.c...
compiling bsp_fmc_io.c...
compiling bsp_uart_fifo.c...
compiling bsp_user_lib.c...
compiling stm32h7xx_it.c...
compiling stm32h7xx_hal.c...
compiling bsp_tim_pwm.c...
compiling stm32h7xx_hal_cortex.c...
compiling stm32h7xx_hal_gpio.c...
compiling stm32h7xx_hal_rcc.c...
compiling stm32h7xx_hal_dma_ex.c...
compiling stm32h7xx_hal_dma.c...
compiling stm32h7xx_hal_rcc_ex.c...
compiling stm32h7xx_hal_tim_ex.c...
compiling stm32h7xx_ll_fmc.c...
compiling stm32h7xx_hal_tim.c...
compiling stm32h7xx_hal_uart_ex.c...
compiling stm32h7xx_hal_sram.c...
compiling stm32h7xx_hal_uart.c...
compiling system_stm32h7xx.c...
compiling SEGGER_HardFaultHandler.c...
compiling stm32h7xx_hal_mdma.c...
compiling minilzo.c...
linking...
Program Size: Code=20504 RO-data=1052 RW-data=20556 ZI-data=114328  
FromELF: creating hex file...
After Build - User command #1: CopyHex_Flash.bat
C:\Users\HSP\Downloads\基于H7的无损压缩算法miniLZO的移植和使用\基于H7的无损压缩算法miniLZO的移植和使用\Project\MDK-ARM(AC5)>copy Objects\output.hex ..\output(mdkac5).hex 
已复制         1 个文件。
".\Objects\output.axf" - 0 Error(s), 0 Warning(s).

<h2>Software Packages used:</h2>

Package Vendor: Keil
                http://www.keil.com/pack/Keil.STM32H7xx_DFP.2.2.0.pack
                Keil.STM32H7xx_DFP.2.2.0
                STMicroelectronics STM32H7 Series Device Support and Examples

<h2>Collection of Component include folders:</h2>
  .\RTE\_Flash
  D:\Keil_v5\ARM\PACK\Keil\STM32H7xx_DFP\2.2.0\Drivers\CMSIS\Device\ST\STM32H7xx\Include

<h2>Collection of Component Files used:</h2>
Build Time Elapsed:  00:04:42
</pre>
</body>
</html>
